CV SCANNED CHECK LOG - 2025-06-14 23:59:10.124794
======================================================================
Filename		Pages		Status
----------------------------------------------------------------------
0044deeec43ded19b952125079eb1781.pdf		1		TEXT-BASED PDF
0070d23b06b1486a538c0eaa45dd167a.pdf		1		SCANNED PDF
00a1793212795f6d222f69250c639cb7.pdf		1		TEXT-BASED PDF
00a2aa5c43a94f625ebf713cb5bfb091.pdf		1		SCANNED PDF
00b99e87221c9afb0c0c23c3fb403307.pdf		1		TEXT-BASED PDF
00bbd6beace7365b27a913db75fddce9.pdf		1		SCANNED PDF
01741e5669e3f7622b92810ab0449276.pdf		1		TEXT-BASED PDF
018d335e8cc3c437150a76fa6f052a44.pdf		2		SKIPPED (Not 1 page)
019fa4fdf1c04cf73ba25aa2223769cd.pdf		1		TEXT-BASED PDF
01bebc8e971d09cb90cf5756b340f24c.pdf		1		SCANNED PDF
023d0a5671efd29e80b4deef8262e297.pdf		1		TEXT-BASED PDF
023f12b8e1d9987cc9a497bb7beeb93b.pdf		1		TEXT-BASED PDF
0245952ecff55018e2a459517fdb40e3.pdf		2		SKIPPED (Not 1 page)
03287fcce194dbd958c2ec5b33705912.pdf		1		SCANNED PDF
036ad3e516c5bf3a4b3be35b137bcbb8.pdf		1		TEXT-BASED PDF
03793ef7d06ffd63d34ade9d091f1ced.pdf		1		TEXT-BASED PDF
03bc8e45ce4903b86f933ebb1fedbc44.pdf		1		TEXT-BASED PDF
03e4d3f831100d4355663f3d425d716b.pdf		2		SKIPPED (Not 1 page)
03f544613917945245041ea1581df0c2.pdf		1		TEXT-BASED PDF
04ef32630d2b67bf4fe2ef795ec67af9.pdf		2		SKIPPED (Not 1 page)
05049e90fa4f5039a8cadc6acbb4b2cc.pdf		1		TEXT-BASED PDF
050553d40196ef109fff37cbb40aaf28.pdf		1		TEXT-BASED PDF
05187e56cce6ec71e229dc98e8bf27f0.pdf		1		TEXT-BASED PDF
05311655a15b75fab86956663e1819cd.pdf		1		TEXT-BASED PDF
05425f51eaeab268c26a5d42f2ccedaf.pdf		1		TEXT-BASED PDF
054d8676703eb94453c7239558b16daf.pdf		1		TEXT-BASED PDF
05a8f6355912b488f5e9b52cccef91a0.pdf		1		TEXT-BASED PDF
066d47ae0c1f736b76f1df86c0cc9205.pdf		14		SKIPPED (Not 1 page)
069059b7ef840f0c74a814ec9237b6ec.pdf		1		TEXT-BASED PDF
06f16510fb0dc706bb81d01ff33df729.pdf		1		SCANNED PDF
07042ac7d03d3b9911a00da43ce0079a.pdf		1		TEXT-BASED PDF
076023edc9187cf1ac1f1163470e479a.pdf		1		SCANNED PDF
0771fc6f0f4b1d7d1bb73bbbe14e0e31.pdf		2		SKIPPED (Not 1 page)
077e29b11be80ab57e1a2ecabb7da330.pdf		1		TEXT-BASED PDF
07a4e20a7bbeeb7a736682b26b16ebe8.pdf		1		TEXT-BASED PDF
07ac7cd13fd0eb1654ccdbd222b81437.pdf		1		TEXT-BASED PDF
07b1e246e902a97f8d4ed5f0408fa838.pdf		5		SKIPPED (Not 1 page)
07cdfd23373b17c6b337251c22b7ea57.pdf		1		TEXT-BASED PDF
07d2c6fd5472b9796184e152bd92a535.pdf		2		SKIPPED (Not 1 page)
081be9fdff07f3bc808f935906ef70c0.pdf		1		TEXT-BASED PDF
08419be897405321542838d77f855226.pdf		2		SKIPPED (Not 1 page)
08808cfb5939be387af3c159b83c6b98.pdf		1		TEXT-BASED PDF
08b7dc6e8b36bcaac15847827b7951a9.pdf		7		SKIPPED (Not 1 page)
08b94fd98ee63a60c5d191649dcfe29a.pdf		1		TEXT-BASED PDF
096b826c74d0c38d76aa6dbae35ed59d.pdf		1		SCANNED PDF
09c180f92cbf0a9427599a415783ad77.pdf		5		SKIPPED (Not 1 page)
09d90af096ee93aae1cecbb338d43020.pdf		1		TEXT-BASED PDF
0a3df70393993583a13c0dd6686f3f32.pdf		1		TEXT-BASED PDF
0a4afc550434c2fa75a83a3fbdb408d0.pdf		1		TEXT-BASED PDF
0a65e195cb51418279b6fa8d96847a60.pdf		1		TEXT-BASED PDF
0a7d7a81e8e3a20e4c34748e98ef45f6.pdf		1		TEXT-BASED PDF
0a9fdbb17feb6ccb7ec405cfb85222c4.pdf		1		TEXT-BASED PDF
0aa2ebf701adab64a123a01be6dcc018.pdf		1		SCANNED PDF
0acf03f408f90ea0dcba786d300620db.pdf		1		TEXT-BASED PDF
0b1ec366924b26fc98fa7b71a9c249cf.pdf		1		TEXT-BASED PDF
0b4078ee99ffc88fb383ffcdcd377d67.pdf		1		TEXT-BASED PDF
0b823d8b45ee3eaf26e538b6cff6f451.pdf		1		TEXT-BASED PDF
0b896b55f96acbc46c6a443acd5da879.pdf		68		SKIPPED (Not 1 page)
0c14d9e1250da76981b5fac734227f0a.pdf		1		TEXT-BASED PDF
0c52d419a421fb13bb58357e67b7fb4b.pdf		1		TEXT-BASED PDF
0cc6928e741d75e7a92396317522069e.pdf		1		TEXT-BASED PDF
0ce98f53e3aa229aa2f31b16e5dcbb4b.pdf		1		TEXT-BASED PDF
0d056cb65729981066d83ad9ea7e7325.pdf		2		SKIPPED (Not 1 page)
0d22da4bd124d386f5546323c45bc924.pdf		1		TEXT-BASED PDF
0d2cf688695b43e2b42d77b481f71222.pdf		1		TEXT-BASED PDF
0d2f28fbfb3c845930a1cba0672950b1.pdf		37		SKIPPED (Not 1 page)
0d5a4a5a748611231b945d28436b8ece.pdf		1		SCANNED PDF
0dceb0ffa039ab83600259310bccae25.pdf		2		SKIPPED (Not 1 page)
0deb1c54814305ca9ad266f53bc82511.pdf		1		TEXT-BASED PDF
0e080857e96278e6dba76ac029faf291.pdf		3		SKIPPED (Not 1 page)
0e095e054ee94774d6a496099eb1cf6a.pdf		1		TEXT-BASED PDF
0e0f9e664029e8912996d65c1cf09761.pdf		8		SKIPPED (Not 1 page)
0e143c3bef0f7759c230664c4dc905f8.pdf		2		SKIPPED (Not 1 page)
0e16366727185813f59d4a9467878901.pdf		1		TEXT-BASED PDF
0e762b65028402721e10bbc97ede52b7.pdf		1		TEXT-BASED PDF
0eb178c5581f651876fadae5a8980899.pdf		1		TEXT-BASED PDF
0ebcdb06cf4d039f0d08b356c26bc466.pdf		1		TEXT-BASED PDF
0ef037ce94ff9b7930d095a7e2ffee1f.pdf		1		TEXT-BASED PDF
0f1436a95643b9b2290678e35a58d859.pdf		3		SKIPPED (Not 1 page)
0f701e22c252a24d9449e829b0c21666.pdf		1		TEXT-BASED PDF
0f83556a305d789b1d71815e8ea4f4b0.pdf		1		SCANNED PDF
0f8a6c1689a55493677426059495e532.pdf		1		TEXT-BASED PDF
0f9cfb7a9acced8a4167ea8006fdd080.pdf		1		TEXT-BASED PDF
1074cf6dee6fd3a453ea3fa9d190a430.pdf		1		TEXT-BASED PDF
108670e12c6e0fcf4d959fc8d2eabef6.pdf		1		TEXT-BASED PDF
109f08ce8c30365b3040d1284390101e.pdf		1		TEXT-BASED PDF
10eb6500bd1e4a3704818012a1593cc3.pdf		1		TEXT-BASED PDF
1141938ba2c2b13f5505d7c424ebae5f.pdf		1		TEXT-BASED PDF
1147dc16a8e1b44eead07282cad093f8.pdf		1		SCANNED PDF
118d579a49f315ad23ee0ef10f564bdc.pdf		1		TEXT-BASED PDF
11953163dd7fb12669b41a48f78a29b6.pdf		2		SKIPPED (Not 1 page)
11ed516444b2593eaba7f2c2bb63483e.pdf		1		SCANNED PDF
11f524c3fbfeeca4aa916edcb6b6392e.pdf		1		TEXT-BASED PDF
11f9e78e4899a78dedd439fc583b6693.pdf		1		TEXT-BASED PDF
1255580674a2f99d63e59950c956bf97.pdf		1		TEXT-BASED PDF
129e4760599f99cd2841b7a19d03e07e.pdf		1		TEXT-BASED PDF
12c5d905338ad27185308ae3269ef888.pdf		1		TEXT-BASED PDF
1345df26413e5a97ce4bddd35cad74b8.pdf		1		TEXT-BASED PDF
1359aa933b48b754a2f54adb688bfa77.pdf		1		TEXT-BASED PDF
1368ba1ab6ed38bb1f26f36673739d54.pdf		1		TEXT-BASED PDF
13f9896df61279c928f19721878fac41.pdf		1		TEXT-BASED PDF
1427e10d92d23fb0476c58351417849e.pdf		1		TEXT-BASED PDF
1437751a77305a0c4c8d44127bd8c285.pdf		1		TEXT-BASED PDF
14da15db887a4b50efe5c1bc66537089.pdf		1		TEXT-BASED PDF
14faf969228fc18fcd4fcf59437b0c97.pdf		1		TEXT-BASED PDF
151d21647527d1079781ba6ae6571ffd.pdf		2		SKIPPED (Not 1 page)
155fa09596c7e18e50b58eb7e0c6ccb4.pdf		2		SKIPPED (Not 1 page)
1572ed60024e708cf21c4c6f19e7d550.pdf		1		TEXT-BASED PDF
1587965fb4d4b5afe8428a4a024feb0d.pdf		1		TEXT-BASED PDF
158fc2ddd52ec2cf54d3c161f2dd6517.pdf		1		TEXT-BASED PDF
15d496c747570c7e50bdcd422bee5576.pdf		1		TEXT-BASED PDF
15ef9d499850bb871944e0b52083173a.pdf		1		TEXT-BASED PDF
16002f7a455a94aa4e91cc34ebdb9f2d.pdf		1		TEXT-BASED PDF
162c9557a309ce6841dd9a5035da2def.pdf		2		SKIPPED (Not 1 page)
1686c5ec96f728148f941ab2b0f2cc35.pdf		4		SKIPPED (Not 1 page)
168efc366c449fab9c2843e9b54e2a18.pdf		2		SKIPPED (Not 1 page)
16a4d8f9442ec82c5d390079cad8f194.pdf		1		TEXT-BASED PDF
16d8a58d14a62420c9a1cbc088035e31.pdf		1		TEXT-BASED PDF
16e58d932f3bf986116b9802a7bfeb19.pdf		1		TEXT-BASED PDF
16f852a6d01b6065c8ff5cc11caae9c6.pdf		1		SCANNED PDF
16fa2b0294e410b2551c3bf6965c0853.pdf		2		SKIPPED (Not 1 page)
171b3569124a791f200cd7be51be1a43.pdf		1		TEXT-BASED PDF
1764183ef03fc7324eb58c3842bd9a57.pdf		2		SKIPPED (Not 1 page)
178930ab96f41d43179e4d2d1a3a16e7.pdf		2		SKIPPED (Not 1 page)
178b0113689dce8a7e48360c3886dc99.pdf		1		TEXT-BASED PDF
17a3120e4e5fbdc3cb5b5f946809b06a.pdf		1		TEXT-BASED PDF
17a8e6855aeeeebe0b2e132f87a71a53.pdf		6		SKIPPED (Not 1 page)
17d63b1625c816c22647a73e1482372b.pdf		1		TEXT-BASED PDF
185c29dc24325934ee377cfda20e414c.pdf		1		TEXT-BASED PDF
185e48a43c7f63acf74b1bd58827b510.pdf		3		SKIPPED (Not 1 page)
1868f17c2c15b5eafdc3cce2f5ac97d5.pdf		1		SCANNED PDF
186a157b2992e7daed3677ce8e9fe40f.pdf		1		TEXT-BASED PDF
18c7c32f90d25fbe5c1b9ac0e8d5e475.pdf		1		TEXT-BASED PDF
18df51b97ccd68128e994804f3eccc87.pdf		1		TEXT-BASED PDF
18e8bbd4a4a899afc26a4c8a12a1c308.pdf		1		TEXT-BASED PDF
1906f3350e1fa43adced642ff351c943.pdf		1		TEXT-BASED PDF
1943102704f8f8f3302c2b730728e023.pdf		1		TEXT-BASED PDF
197375e98eac65e65da5ff18ec512978.pdf		2		SKIPPED (Not 1 page)
19ae449792fac7866a7d551fc38c08ed.pdf		1		TEXT-BASED PDF
19bc916108fc6938f52cb96f7e087941.pdf		1		TEXT-BASED PDF
19f3cd308f1455b3fa09a282e0d496f4.pdf		1		TEXT-BASED PDF
1a26a28c4beba1bd232cd88b972438cd.pdf		1		TEXT-BASED PDF
1a5b1e4daae265b790965a275b53ae50.pdf		2		SKIPPED (Not 1 page)
1a81859544a7eff3e599b8c322559c00.pdf		1		TEXT-BASED PDF
1a8207690ac54d845f7a57dd468970fa.pdf		1		TEXT-BASED PDF
1aaa7438a59157a0f21ad30dda4d4088.pdf		3		SKIPPED (Not 1 page)
1aabb3fa1280144bf946da37d00c05f1.pdf		1		SCANNED PDF
1aad6b93bca4217b9889a246c3cb7a30.pdf		2		SKIPPED (Not 1 page)
1ac978c8020be6d7212aa71d4f040fc3.pdf		1		TEXT-BASED PDF
1b0114c51cc532ed34e1954b5b9e4b58.pdf		2		SKIPPED (Not 1 page)
1b12189170921fa4ac5414db98f542de.pdf		1		TEXT-BASED PDF
1b356667c9a682f8b0215d9d16d286fe.pdf		3		SKIPPED (Not 1 page)
1b486d7a5189ebe8d8c46afc64b0d1b4.pdf		1		SCANNED PDF
1b5e669dd84003f7a70da7724e5cba93.pdf		1		TEXT-BASED PDF
1b742ae215adf18b75449c6e272fd92d.pdf		1		TEXT-BASED PDF
1b7dbe36e1322048b49ab4b2b2c735e9.pdf		1		TEXT-BASED PDF
1c104b9c0accfca52ef21728eaf01453.pdf		1		SCANNED PDF
1c1d4df596d01da60385f0bb17a4a9e0.pdf		1		SCANNED PDF
1c330c47cabfad26af32d6249919ecb8.pdf		1		TEXT-BASED PDF
1c383cd30b7c298ab50293adfecb7b18.pdf		1		TEXT-BASED PDF
1c95ee9c76a4fb9258cb07573752bef7.pdf		1		SCANNED PDF
1c9884d82761f8718077f56cee0c1da4.pdf		1		SCANNED PDF
1cd035a313edec52ac8f69c27aba683f.pdf		2		SKIPPED (Not 1 page)
1cde2efe98ea537f5359cdd66941196d.pdf		1		TEXT-BASED PDF
1d2ff8c099cb5e3435323c49c8c5ba87.pdf		2		SKIPPED (Not 1 page)
1d9e93e74dda5258e7febd6b52502418.pdf		4		SKIPPED (Not 1 page)
1ddfa4ccdcea53130b500eaabb190e4b.pdf		1		SCANNED PDF
1de7d2b90d554be9f0db1c338e80197d.pdf		1		TEXT-BASED PDF
1e056d2b0ebd5c878c550da6ac5d3724.pdf		1		TEXT-BASED PDF
1e4dc58a5c8c8908a4d317d6ef44a4d0.pdf		1		TEXT-BASED PDF
1e79596878b2320cac26dd792a6c51c9.pdf		1		TEXT-BASED PDF
1efa39bcaec6f3900149160693694536.pdf		1		TEXT-BASED PDF
1f0e3dad99908345f7439f8ffabdffc4.pdf		1		SCANNED PDF
1f1baa5b8edac74eb4eaa329f14a0361.pdf		1		TEXT-BASED PDF
1f50893f80d6830d62765ffad7721742.pdf		2		SKIPPED (Not 1 page)
1ff8a7b5dc7a7d1f0ed65aaa29c04b1e.pdf		1		TEXT-BASED PDF
202cb962ac59075b964b07152d234b70.pdf		1		TEXT-BASED PDF
206bb45f944accb7a4cd1f135786c415.pdf		1		TEXT-BASED PDF
211c1e0b83b9c69fa9c4bdede203c1e3.pdf		1		TEXT-BASED PDF
2134556f9140640adff936306ce87a24.pdf		1		TEXT-BASED PDF
217eedd1ba8c592db97d0dbe54c7adfc.pdf		1		TEXT-BASED PDF
218a0aefd1d1a4be65601cc6ddc1520e.pdf		1		TEXT-BASED PDF
21c22eeca3fcb1c69935ecf52ab82905.pdf		2		SKIPPED (Not 1 page)
21eb2cde1194b85163cbd079f5962edf.pdf		1		TEXT-BASED PDF
2201611d7a08ffda97e3e8c6b667a1bc.pdf		1		TEXT-BASED PDF
2246409389f1ea413ff9c03b9e09ffb3.pdf		1		TEXT-BASED PDF
22d0c530efd7037118d2011a68444823.pdf		1		TEXT-BASED PDF
230412c7a68201e0be2f5d4fb9d442b4.pdf		2		SKIPPED (Not 1 page)
231141b34c82aa95e48810a9d1b33a79.pdf		2		SKIPPED (Not 1 page)
232362afef787e622e4d148d7630445a.pdf		1		TEXT-BASED PDF
235fba44e32ba4dd3a3f72db1a8a6846.pdf		1		TEXT-BASED PDF
2365a4db507862569752334234a29b50.pdf		1		TEXT-BASED PDF
23937b42f9273974570fb5a56a6652ee.pdf		1		TEXT-BASED PDF
23c97e9cb93576e45d2feaf00d0e8502.pdf		1		TEXT-BASED PDF
23d6c2965508b167da9c4bdcef3a2aa3.pdf		1		TEXT-BASED PDF
23f35020df135821bc9a1c51e3900047.pdf		1		TEXT-BASED PDF
242c100dc94f871b6d7215b868a875f8.pdf		1		TEXT-BASED PDF
24357dd085d2c4b1a88a7e0692e60294.pdf		1		TEXT-BASED PDF
2475c20d9e9a1aaee80dcbc4e6316157.pdf		1		TEXT-BASED PDF
248e844336797ec98478f85e7626de4a.pdf		1		TEXT-BASED PDF
249b96bd669d584de425cc8761d2ca9f.pdf		1		TEXT-BASED PDF
24e6e6721e0a39950780dfb8f91e53ed.pdf		1		TEXT-BASED PDF
24f984f75f37a51922de69604322ff08.pdf		1		TEXT-BASED PDF
251c5ffd6b62cc21c446c963c76cf214.pdf		2		SKIPPED (Not 1 page)
254b6cccc84a3b7e5c696e67c9ef656e.pdf		1		TEXT-BASED PDF
258a4107301a12383aabed96ced22b66.pdf		1		TEXT-BASED PDF
25926f529e257cfd6ee8ba86fd76cfe9.pdf		2		SKIPPED (Not 1 page)
25db67c5657914454081c6a18e93d6dd.pdf		1		TEXT-BASED PDF
26337353b7962f533d78c762373b3318.pdf		1		TEXT-BASED PDF
26505e0494662534f633586941b77d0c.pdf		1		TEXT-BASED PDF
27649dc46ea499041457767a5a703073.pdf		1		TEXT-BASED PDF
277281aada22045c03945dcb2ca6f2ec.pdf		3		SKIPPED (Not 1 page)
278343ac714751e68175058a9bfb4e43.pdf		1		TEXT-BASED PDF
285f89b802bcb2651801455c86d78f2a.pdf		1		TEXT-BASED PDF
286674e3082feb7e5afb92777e48821f.pdf		1		TEXT-BASED PDF
28e209b61a52482a0ae1cb9f5959c792.pdf		1		TEXT-BASED PDF
28fc2782ea7ef51c1104ccf7b9bea13d.pdf		1		TEXT-BASED PDF
291925ddbc6e2d194d0c22d268e0f865.pdf		1		SCANNED PDF
291ebc13dd6538bae3ec7959b8d770dc.pdf		1		TEXT-BASED PDF
29515bb9a5d5e558e2b3ba71e3b6e037.pdf		1		SCANNED PDF
2959ced850c7261ff93292042fed7240.pdf		1		SCANNED PDF
299570476c6f0309545110c592b6a63b.pdf		1		TEXT-BASED PDF
29a9f8c8460e5e2be4edde557fd83712.pdf		1		TEXT-BASED PDF
2a2107d1bcb556a30424faede85797a2.pdf		3		SKIPPED (Not 1 page)
2a38a4a9316c49e5a833517c45d31070.pdf		2		SKIPPED (Not 1 page)
2a3d16448453d694b503aeebfd710aa7.pdf		1		TEXT-BASED PDF
2ac2406e835bd49c70469acae337d292.pdf		1		TEXT-BASED PDF
2aca752107ac2bde4cd02805118de503.pdf		1		TEXT-BASED PDF
2af1e9eaa807096a11b32ed26ecc2cbb.pdf		1		SCANNED PDF
2b16a44bb65751bb0ebe5d8b42644bc4.pdf		1		TEXT-BASED PDF
2b1d520ee7fa77e7ff90488dcd7b3467.pdf		1		SCANNED PDF
2b6bb5354a56ce256116b6b307a1ea10.pdf		1		TEXT-BASED PDF
2b8a61594b1f4c4db0902a8a395ced93.pdf		1		TEXT-BASED PDF
2b8dec786a8cdf5889309995733b54d4.pdf		1		TEXT-BASED PDF
2bb232c0b13c774965ef8558f0fbd615.pdf		1		TEXT-BASED PDF
2bcab9d935d219641434683dd9d18a03.pdf		1		TEXT-BASED PDF
2bec63f5d312303621583b97ff7c68bf.pdf		1		TEXT-BASED PDF
2c3ddf4bf13852db711dd1901fb517fa.pdf		1		TEXT-BASED PDF
2c6ae45a3e88aee548c0714fad7f8269.pdf		2		SKIPPED (Not 1 page)
2c70bf4df3f4bfe2322ecf7a8803418c.pdf		1		TEXT-BASED PDF
2cad8fa47bbef282badbb8de5374b894.pdf		1		TEXT-BASED PDF
2cb6b10338a7fc4117a80da24b582060.pdf		1		TEXT-BASED PDF
2d13d901966a8eaa7f9c943eba6a540b.pdf		2		SKIPPED (Not 1 page)
2d3d9d5373f378108cdbd30a3c52bd3e.pdf		2		SKIPPED (Not 1 page)
2d5321f0813775370f774070cad46fbe.pdf		1		TEXT-BASED PDF
2d86c49db27011beb778b65b84d15017.pdf		2		SKIPPED (Not 1 page)
2d9d746ed5f88a59e2ada7d9afd38bcf.pdf		2		SKIPPED (Not 1 page)
2dc78e6026928309d3d26dc6dbd0276e.pdf		1		TEXT-BASED PDF
2df9225a03b1cfd5294697afe5cbcd91.pdf		1		TEXT-BASED PDF
2e0d41e02c5be4668ec1b0730b3346a8.pdf		1		SCANNED PDF
2e584bf14f2b3b604af609a0d4ff1e8f.pdf		1		TEXT-BASED PDF
2e68f33efdc50e9cc7cd41196277d825.pdf		2		SKIPPED (Not 1 page)
2e7fc7cb9bf8baacf29f1b7286976f53.pdf		1		TEXT-BASED PDF
2f29b6e3abc6ebdefb55456ea6ca5dc8.pdf		1		TEXT-BASED PDF
2f55707d4193dc27118a0f19a1985716.pdf		1		SCANNED PDF
2f8ef33feb54e6e5ad1e11ebdb6d4d76.pdf		2		SKIPPED (Not 1 page)
3000311ca56a1cb93397bc676c0b7fff.pdf		1		SCANNED PDF
302101902bd9140427edc0c41e139782.pdf		1		TEXT-BASED PDF
30235b7b3a6bf005d284bb1666fab7d1.pdf		1		TEXT-BASED PDF
3091d86c09a002e144f4ec506eada3d7.pdf		1		TEXT-BASED PDF
30c8e1ca872524fbf7ea5c519ca397ee.pdf		1		TEXT-BASED PDF
30ec85b4d1ce02fe671cf56c94fe758b.pdf		1		TEXT-BASED PDF
31839b036f63806cba3f47b93af8ccb5.pdf		2		SKIPPED (Not 1 page)
319e33a217f7368ff7ceef7731ccf024.pdf		1		TEXT-BASED PDF
31d754e8615621112f3956fae2707df8.pdf		1		TEXT-BASED PDF
320722549d1751cf3f247855f937b982.pdf		1		TEXT-BASED PDF
3210ddbeaa16948a702b6049b8d9a202.pdf		1		TEXT-BASED PDF
3284b792f98b28e27b5264d87bc77f36.pdf		2		SKIPPED (Not 1 page)
329e6581efbc90bd92a1f22c4ba2103d.pdf		1		TEXT-BASED PDF
32e19424b63cc63077a4031b87fb1010.pdf		1		TEXT-BASED PDF
32f84b597629f37d9ef53d714fce6fa1.pdf		1		TEXT-BASED PDF
3328bdf9a4b9504b9398284244fe97c2.pdf		1		TEXT-BASED PDF
3333c340e3fbea852ff31221049db563.pdf		1		TEXT-BASED PDF
335f5352088d7d9bf74191e006d8e24c.pdf		1		TEXT-BASED PDF
33a5435d4f945aa6154b31a73bab3b73.pdf		1		SCANNED PDF
340f2a36d43c3b00e592cf08cef006f1.pdf		1		TEXT-BASED PDF
34113f84ba95703fef6b6187de70d6e0.pdf		5		SKIPPED (Not 1 page)
35051070e572e47d2c26c241ab88307f.pdf		1		TEXT-BASED PDF
351b33587c5fdd93bd42ef7ac9995a28.pdf		1		TEXT-BASED PDF
3546ab441e56fa333f8b44b610d95691.pdf		1		TEXT-BASED PDF
357861553d0db7307050a24ce16a8c64.pdf		1		TEXT-BASED PDF
357a6fdf7642bf815a88822c447d9dc4.pdf		2		SKIPPED (Not 1 page)
35c5ce55d4c6015406e3f53558e5bed2.pdf		1		TEXT-BASED PDF
35cf0f704286108deb76366a16415140.pdf		1		TEXT-BASED PDF
35cf8659cfcb13224cbd47863a34fc58.pdf		2		SKIPPED (Not 1 page)
35d58f24d7a7701719c983a1ef1979b1.pdf		1		TEXT-BASED PDF
35fa44c247164c5e1683d18000b0a236.pdf		1		TEXT-BASED PDF
3613ef1ee5b75945c042bfb124275a0b.pdf		1		TEXT-BASED PDF
3643a063a3898ec4b50f3576209f23cb.pdf		1		TEXT-BASED PDF
36455d3b4aa959a5a5799f2316c06660.pdf		1		TEXT-BASED PDF
366c0196895c9eeaa75992bacac60426.pdf		2		SKIPPED (Not 1 page)
3677481dc67fc92d2347a706e9a64285.pdf		1		TEXT-BASED PDF
36a1694bce9815b7e38a9dad05ad42e0.pdf		1		TEXT-BASED PDF
378a063b8fdb1db941e34f4bde584c7d.pdf		1		TEXT-BASED PDF
3798003c3d078a7b4fd1f33843a2e5c0.pdf		1		TEXT-BASED PDF
37bc2f75bf1bcfe8450a1a41c200364c.pdf		1		TEXT-BASED PDF
37de71064f5d9561e9c8721237947f7f.pdf		1		TEXT-BASED PDF
37f0e884fbad9667e38940169d0a3c95.pdf		1		TEXT-BASED PDF
3837a451cd0abc5ce4069304c5442c87.pdf		1		SCANNED PDF
3883cd645fd2fd862058839841a60f97.pdf		1		TEXT-BASED PDF
38ca89564b2259401518960f7a06f94b.pdf		1		SCANNED PDF
39016cfe079db1bfb359ca72fcba3fd8.pdf		1		TEXT-BASED PDF
39178d7185397ffa063279361b9ab016.pdf		1		TEXT-BASED PDF
39375e8559373aede34f6f15b8dab4dc.pdf		3		SKIPPED (Not 1 page)
3948ead63a9f2944218de038d8934305.pdf		1		TEXT-BASED PDF
398024cb5e21d749d728926a28b19d00.pdf		1		TEXT-BASED PDF
398410ece9d7343091093a2a7f8ee381.pdf		1		TEXT-BASED PDF
3a0772443a0739141292a5429b952fe6.pdf		1		TEXT-BASED PDF
3a098b02e2d67a733c661fa9bfbe89ec.pdf		1		TEXT-BASED PDF
3a0f19df72fef0495c54ced664735a7d.pdf		1		TEXT-BASED PDF
3a3ac2ab1c65f0a2dc7087b57062470e.pdf		1		TEXT-BASED PDF
3aaa3db6a8983226601cac5dde15a26b.pdf		1		SCANNED PDF
3ac01363eb96084101c0e5ed8be7374a.pdf		1		TEXT-BASED PDF
3aca6cc84657b8d0b2f42c3821ce0ba6.pdf		1		TEXT-BASED PDF
3acb2a202ae4bea8840224e6fce16fd0.pdf		1		SCANNED PDF
3b3dbaf68507998acd6a5a5254ab2d76.pdf		1		SCANNED PDF
3b712de48137572f3849aabd5666a4e3.pdf		1		TEXT-BASED PDF
3b777b775721dfa8d36de2a320a03e53.pdf		1		TEXT-BASED PDF
3b7cd3a5ad79da7f656f33072ad212fe.pdf		1		TEXT-BASED PDF
3ba889650589407203d06949bdf6983d.pdf		1		TEXT-BASED PDF
3bc412ad4910c19f6710515540190792.pdf		1		TEXT-BASED PDF
3c8f9a173f749710d6377d3150cf90da.pdf		1		TEXT-BASED PDF
3cdd0dfecaa8127d1a556f21f96500d7.pdf		1		TEXT-BASED PDF
3d111e37ef301d7036f983b85de910b0.pdf		3		SKIPPED (Not 1 page)
3d36c145f1f16c368173c437335b4acd.pdf		4		SKIPPED (Not 1 page)
3d57fe6de705fec3cecae336ae23a03a.pdf		1		SCANNED PDF
3d8c34ed1d91e42e80ccda0c6dd0b027.pdf		1		TEXT-BASED PDF
3d97f1b344219f59ac743f43681a5190.pdf		1		TEXT-BASED PDF
3dc023ccc7e0bd23ce2d4427756fd03c.pdf		1		TEXT-BASED PDF
3dcc0806127ac6878b990a079e4f8c77.pdf		1		TEXT-BASED PDF
3dcf44c3136a27a28b3bb27586fd5fc5.pdf		1		TEXT-BASED PDF
3dde11a7673e90ad96fafd0b3b27a477.pdf		3		SKIPPED (Not 1 page)
3df80af53dce8435cf9ad6c3e7a403fd.pdf		1		SCANNED PDF
3e10f9cfe8030470e507965881025ab8.pdf		1		TEXT-BASED PDF
3e89ebdb49f712c7d90d1b39e348bbbf.pdf		1		TEXT-BASED PDF
3eb71f6293a2a31f3569e10af6552658.pdf		1		SCANNED PDF
3ee99048971f0284e4c36e56c2502977.pdf		2		SKIPPED (Not 1 page)
3f13cf4ddf6fc50c0d39a1d5aeb57dd8.pdf		1		TEXT-BASED PDF
3f504658ddff2e41061b89bdc726a160.pdf		1		TEXT-BASED PDF
3f53d7190148675e3cd472fc826828c5.pdf		1		TEXT-BASED PDF
3f7f7794da20d537bf1da2e615ce82e5.pdf		1		TEXT-BASED PDF
3f9e3767ef3b10a0de4c256d7ef9805d.pdf		1		TEXT-BASED PDF
3fb451ca2e89b3a13095b059d8705b15.pdf		1		TEXT-BASED PDF
3fe230348e9a12c13120749e3f9fa4cd.pdf		1		TEXT-BASED PDF
3fe89c9f9000fc1e58862236bf409d13.pdf		2		SKIPPED (Not 1 page)
402a3083474531ec96e5c6c8a40f5ab6.pdf		1		TEXT-BASED PDF
404a9f61135c5e33d002f3fd97350b8f.pdf		1		SCANNED PDF
40641914166f1cba1d06c020e462ff8e.pdf		1		TEXT-BASED PDF
40b5f25a228570053bc64a043c3f1833.pdf		1		SCANNED PDF
40b8498f89a8b101cd6fc6bb690231f9.pdf		1		TEXT-BASED PDF
40bf82623caded1cd84332d5e3cf4d72.pdf		1		TEXT-BASED PDF
40f6992c3c5816a1b42d2612fc26b936.pdf		1		SCANNED PDF
41263b9a46f6f8f22668476661614478.pdf		1		TEXT-BASED PDF
4150d6a4725ff1484640c9d2e458a429.pdf		1		TEXT-BASED PDF
4163634d39ec5b1d3e126f44619243b2.pdf		1		TEXT-BASED PDF
41a60377ba920919939d83326ebee5a1.pdf		1		SCANNED PDF
4219840f5b401ebe7639efe00a1fb982.pdf		3		SKIPPED (Not 1 page)
426bf156ac1bedb84dfe5f44fa510961.pdf		1		SCANNED PDF
4271846620d203fd0511c422d483cdbd.pdf		1		TEXT-BASED PDF
42a7e8017ab9578358f118300f4720fb.pdf		1		TEXT-BASED PDF
42b1c6a5d2205c2a61dcc08c028e4592.pdf		1		TEXT-BASED PDF
42d0c639a21482dcd8e1c447efe87e89.pdf		1		TEXT-BASED PDF
42e77b63637ab381e8be5f8318cc28a2.pdf		1		TEXT-BASED PDF
42e7aaa88b48137a16a1acd04ed91125.pdf		1		TEXT-BASED PDF
42ffcf057e133f94c1b7b5cf543ef3bd.pdf		1		SCANNED PDF
430a27748f3853d3745bda9d32419fef.pdf		1		TEXT-BASED PDF
432fd02f951f393df1591310e6811118.pdf		1		TEXT-BASED PDF
4346ad94c2790cac390e684155a2ecba.pdf		1		TEXT-BASED PDF
437fcf36c72ca2d5d6179539a1eee748.pdf		1		TEXT-BASED PDF
43a87a86ea9aee0255325e2865d6b503.pdf		1		TEXT-BASED PDF
43cca4b3de2097b9558efefd0ecc3588.pdf		1		TEXT-BASED PDF
443934cd5ba8879bde961f1be9407327.pdf		2		SKIPPED (Not 1 page)
443dec3062d0286986e21dc0631734c9.pdf		1		TEXT-BASED PDF
4462bf0ddbe0d0da40e1e828ebebeb11.pdf		1		TEXT-BASED PDF
44c4c17332cace2124a1a836d9fc4b6f.pdf		1		TEXT-BASED PDF
44cd7a8f7f9f85129b9953950665064d.pdf		1		TEXT-BASED PDF
4511dccbea0a3350d8ff72c7648cd678.pdf		1		TEXT-BASED PDF
451ee190d0efc1f77c8bcc7238979ac1.pdf		1		TEXT-BASED PDF
452e91de642a8e9c43121664d5d3c05c.pdf		1		TEXT-BASED PDF
4530de238502b5aee3ad8eec65a4a70f.pdf		1		TEXT-BASED PDF
454cecc4829279e64d624cd8a8c9ddf1.pdf		2		SKIPPED (Not 1 page)
4564e13a85364d6743e38059a8544f34.pdf		1		TEXT-BASED PDF
4582ef600b4316d72eede3ef78fc77d9.pdf		1		TEXT-BASED PDF
459ad054a6417248a1166b30f6393301.pdf		7		SKIPPED (Not 1 page)
45b4f8abe6c172cab391e43e1e0e6611.pdf		1		TEXT-BASED PDF
45ea3375b621c477ab248d431b7acb87.pdf		1		TEXT-BASED PDF
45f71a702b70bc7415bcd9fcc790e551.pdf		1		TEXT-BASED PDF
466e695c8ce7c0b5cd5c4109d01ad589.pdf		1		TEXT-BASED PDF
46994a3cd8d943d03b44b8fc9792d435.pdf		1		TEXT-BASED PDF
471c75ee6643a10934502bdafee198fb.pdf		3		SKIPPED (Not 1 page)
4747f5ca63b8e8bd670b26e4b1573961.pdf		1		TEXT-BASED PDF
47a5feca4ce02883a5643e295c7ce6cd.pdf		1		TEXT-BASED PDF
47a7f2c033801a8185243e6ca8df5fae.pdf		1		TEXT-BASED PDF
47ba327b57be22b98eee0e5dc3e14711.pdf		1		TEXT-BASED PDF
47cefde4d32b696264277d017d91875c.pdf		1		TEXT-BASED PDF
47e03d48d5f53f03563daa7f1373fb09.pdf		1		TEXT-BASED PDF
47e51e9d11cf800ff08674dbb68a48ab.pdf		1		TEXT-BASED PDF
47f4b6321e9fd8e8f7326a6adc1a7c1e.pdf		1		TEXT-BASED PDF
4823b3773a1045c2cc5e857b35e3648b.pdf		1		SCANNED PDF
483101a6bc4e6c46a86222eb65fbcb6a.pdf		1		TEXT-BASED PDF
483d8df877b31405c1e8fe4247f02d86.pdf		1		TEXT-BASED PDF
4845b84d63ea5fa8df6268b8d1616a8f.pdf		16		SKIPPED (Not 1 page)
4878de0d788d6042ea4a532742a51fc8.pdf		1		SCANNED PDF
4883eb035654015a505873cecfb93c1c.pdf		1		TEXT-BASED PDF
48c8c3963853fff20bd9e8bee9bd4c07.pdf		2		SKIPPED (Not 1 page)
48e59000d7dfcf6c1d96ce4a603ed738.pdf		1		TEXT-BASED PDF
496e05e1aea0a9c4655800e8a7b9ea28.pdf		1		TEXT-BASED PDF
4974a9fe76a5b447c35ad12a15fa0260.pdf		1		TEXT-BASED PDF
498f940d9b933c529b06aa96d18f7eda.pdf		1		TEXT-BASED PDF
49ad23d1ec9fa4bd8d77d02681df5cfa.pdf		1		TEXT-BASED PDF
49c3816dd86defa0b8f4f6fa7ff8ef5e.pdf		1		TEXT-BASED PDF
49e863b146f3b5470ee222ee84669b1c.pdf		1		TEXT-BASED PDF
49f85a9ed090b20c8bed85a5923c669f.pdf		1		TEXT-BASED PDF
4a08142c38dbe374195d41c04562d9f8.pdf		1		TEXT-BASED PDF
4a2ddf148c5a9c42151a529e8cbdcc06.pdf		1		TEXT-BASED PDF
4a308d84cdd04aa2015bbe13622d5d7c.pdf		1		TEXT-BASED PDF
4a914e5c38172ae9b61780ffbd0b2f90.pdf		1		SCANNED PDF
4afc974d7501498dac2fbcf27de46d34.pdf		1		SCANNED PDF
4b04a686b0ad13dce35fa99fa4161c65.pdf		1		TEXT-BASED PDF
4b0a59ddf11c58e7446c9df0da541a84.pdf		2		SKIPPED (Not 1 page)
4b22a8375108a514ef8340e01c2e1af4.pdf		1		TEXT-BASED PDF
4bcd83a98bc4ee323ec93c0f0e704d04.pdf		1		TEXT-BASED PDF
4bd6a600d4cb755c07712c599a95da2b.pdf		5		SKIPPED (Not 1 page)
4bdb6179647296e518bd72e62d3bf5c1.pdf		2		SKIPPED (Not 1 page)
4c144c47ecba6f8318128703ca9e2601.pdf		1		SCANNED PDF
4c32296316cec19d27f62e4e8db15430.pdf		1		SCANNED PDF
4c5bcfec8584af0d967f1ab10179ca4b.pdf		1		TEXT-BASED PDF
4d22136ec8f25b566fdd61bc0d5045b4.pdf		1		TEXT-BASED PDF
4d771504ddcd28037b4199740df767e6.pdf		1		TEXT-BASED PDF
4d8ab89733dd9a88f1a9d130ca675c2e.pdf		2		SKIPPED (Not 1 page)
4daa3db355ef2b0e64b472968cb70f0d.pdf		2		SKIPPED (Not 1 page)
4dbf29d90d5780cab50897fb955e4373.pdf		2		SKIPPED (Not 1 page)
4e0ccd2b894f717df5ebc12f4282ee70.pdf		1		TEXT-BASED PDF
4e0d67e54ad6626e957d15b08ae128a6.pdf		1		SCANNED PDF
4e4b5fbbbb602b6d35bea8460aa8f8e5.pdf		1		TEXT-BASED PDF
4eb82f891b344474e99cab5955f075d7.pdf		2		SKIPPED (Not 1 page)
4ef30115b941a1bcd71ffebb50c69ece.pdf		1		TEXT-BASED PDF
4ef42b32bccc9485b10b8183507e5d82.pdf		1		SCANNED PDF
4f00921114932db3f8662a41b44ee68f.pdf		1		TEXT-BASED PDF
4f3fcf17644bb65a1732f02d6f10034a.pdf		1		TEXT-BASED PDF
4f4adcbf8c6f66dcfc8a3282ac2bf10a.pdf		2		SKIPPED (Not 1 page)
4f53d60aee2ffa2af10e3463da26b784.pdf		13		SKIPPED (Not 1 page)
4f6ffe13a5d75b2d6a3923922b3922e5.pdf		1		TEXT-BASED PDF
4fa04fbc0b0ce68711f7550ce6113720.pdf		1		TEXT-BASED PDF
4fa7c62536118cc404dec4a0ca88d4f6.pdf		1		TEXT-BASED PDF
4fc66104f8ada6257fa55f29a2a567c7.pdf		1		TEXT-BASED PDF
4ffce04d92a4d6cb21c1494cdfcd6dc1.pdf		1		TEXT-BASED PDF
500e75a036dc2d7d2fec5da1b71d36cc.pdf		1		TEXT-BASED PDF
505cceefe22f5a53a5f8d334e8222454.pdf		1		TEXT-BASED PDF
50d758cc9ab8bb51177b071d370caac2.pdf		20		SKIPPED (Not 1 page)
5103c3584b063c431bd1268e9b5e76fb.pdf		1		TEXT-BASED PDF
51681a7c14879f9eca39669df858f75b.pdf		1		TEXT-BASED PDF
519c84155964659375821f7ca576f095.pdf		1		TEXT-BASED PDF
51a93b1b7421fc7ca001d7793eadb53b.pdf		1		TEXT-BASED PDF
51e2038e383ecfc953bf1ab5a0747c63.pdf		2		SKIPPED (Not 1 page)
51efec699670c82f306c1b8251b8a6ae.pdf		1		TEXT-BASED PDF
520bae6649b42ff5a3c8c58b7fcfc5a9.pdf		1		TEXT-BASED PDF
523b9a212405e48323373c0fc36c4044.pdf		4		SKIPPED (Not 1 page)
527490f08486bf8af2b8d0bf6e73911b.pdf		1		TEXT-BASED PDF
52af145bae0067bdc52f7363b5a851f4.pdf		1		TEXT-BASED PDF
52eea859b07495d44fb844cdcecdf239.pdf		1		TEXT-BASED PDF
5314b9674c86e3f9d1ba25ef9bb32895.pdf		1		TEXT-BASED PDF
536b08b12d4f3c719bb351eefcf1669f.pdf		1		TEXT-BASED PDF
53a321a3dd5fec15174c52abc7dca46a.pdf		1		TEXT-BASED PDF
53adb96c287c3931b3bc41cebb003788.pdf		1		TEXT-BASED PDF
5410e4439f038b0cb96884b2700faad4.pdf		2		SKIPPED (Not 1 page)
54a367d629152b720749e187b3eaa11b.pdf		1		TEXT-BASED PDF
54c024de9e64af8a959229d3d49b4198.pdf		1		SCANNED PDF
54f5f4071faca32ad5285fef87b78646.pdf		1		SCANNED PDF
55063089b08df5797d3eebca7c087ed4.pdf		1		TEXT-BASED PDF
5531a5834816222280f20d1ef9e95f69.pdf		1		TEXT-BASED PDF
553a1099bf1a5568f3e6153e44dbd6c7.pdf		2		SKIPPED (Not 1 page)
559cb990c9dffd8675f6bc2186971dc2.pdf		2		SKIPPED (Not 1 page)
5616060fb8ae85d93f334e7267307664.pdf		1		TEXT-BASED PDF
56468d5607a5aaf1604ff5e15593b003.pdf		1		TEXT-BASED PDF
5695dd7bfdf01700983a66a5f2d57698.pdf		1		TEXT-BASED PDF
56a32ddf374ecd774959be244161cb72.pdf		1		TEXT-BASED PDF
56e1930307652e14afbc3e75b8e54bdd.pdf		2		SKIPPED (Not 1 page)
56f140884852f96cb0fa2c247b378358.pdf		1		TEXT-BASED PDF
577bcc914f9e55d5e4e4f82f9f00e7d4.pdf		2		SKIPPED (Not 1 page)
585eb4127afd003bd784f6e8dc132be2.pdf		1		TEXT-BASED PDF
586406bbb76b6baac45c43a81ec2e35c.pdf		1		TEXT-BASED PDF
588cb956d6bbe67078f29f8de420a13d.pdf		2		SKIPPED (Not 1 page)
588fdfa645b7f3c260188494bcafa149.pdf		1		TEXT-BASED PDF
5898493fbdf4a44a24084021b2215f85.pdf		1		TEXT-BASED PDF
58ab5c05ec8dfa3e35a22dfe717da10e.pdf		1		TEXT-BASED PDF
58c1dbad4977b4c106bca8015477757e.pdf		1		TEXT-BASED PDF
58c58f9c6366538eaa0dde3624592b81.pdf		1		SCANNED PDF
58c6ee5f6908cd661c407e3847bc2d6f.pdf		11		SKIPPED (Not 1 page)
58e4d44e550d0f7ee0a23d6b02d9b0db.pdf		1		TEXT-BASED PDF
59186584039c18248c1c4244e7305050.pdf		1		TEXT-BASED PDF
5934c1ec0cd31e12bd9084d106bc2e32.pdf		1		TEXT-BASED PDF
59532cbbc31efd88a06ac63d294279db.pdf		1		TEXT-BASED PDF
595afbd7f5a99efd71556d99b39c268e.pdf		5		SKIPPED (Not 1 page)
597073e68fcefaa6bdf39ca6b399c28c.pdf		1		TEXT-BASED PDF
5989623d658b2227cb4e6758437704ac.pdf		1		TEXT-BASED PDF
59b90e1005a220e2ebc542eb9d950b1e.pdf		1		TEXT-BASED PDF
5a0c828364dbf6dd406139dab7b25398.pdf		1		TEXT-BASED PDF
5a45d7bae2d4d07061d3e882475b049b.pdf		1		TEXT-BASED PDF
5a52499520e1a57cf6daa1dd645fc85c.pdf		1		TEXT-BASED PDF
5a87c42972dfb55ff9cdb144a3ba5cc3.pdf		2		SKIPPED (Not 1 page)
5ad2c993fa4f162c255867250267de48.pdf		1		TEXT-BASED PDF
5ad4f73ea28ca73f8fe529067b237db1.pdf		1		TEXT-BASED PDF
5ae3088a39db099a794b27097418ac71.pdf		2		SKIPPED (Not 1 page)
5ae81daa87d6649df09002741e5b1738.pdf		1		TEXT-BASED PDF
5b5c2e6aacc6ceb83ee96e328e591aea.pdf		1		TEXT-BASED PDF
5b7d718b0db551bd2f9ca025f8bb15e0.pdf		1		TEXT-BASED PDF
5b9373fc169106c43c99cfae04989986.pdf		1		TEXT-BASED PDF
5ba560e450ca899ff7f25d00077c3fff.pdf		1		TEXT-BASED PDF
5c04925674920eb58467fb52ce4ef728.pdf		1		SCANNED PDF
5c528e25e1fdeaf9d8160dc24dbf4d60.pdf		1		TEXT-BASED PDF
5c53292c032b6cb8510041c54274e65f.pdf		1		SCANNED PDF
5c9452254bccd24b8ad0bb1ab4408ad1.pdf		1		TEXT-BASED PDF
5ca90602d3acd9a8f30b8a7cac1bdbb5.pdf		1		SCANNED PDF
5cbdfd0dfa22a3fca7266376887f549b.pdf		1		TEXT-BASED PDF
5cd5058bca53951ffa7801bcdf421651.pdf		1		TEXT-BASED PDF
5e056558ced8fa424facc20b1ba2369c.pdf		1		TEXT-BASED PDF
5ea1649a31336092c05438df996a3e59.pdf		1		TEXT-BASED PDF
5eac43aceba42c8757b54003a58277b5.pdf		1		TEXT-BASED PDF
5ecf33fd9caf42c3bd39a3d9ee5f9ca3.pdf		3		SKIPPED (Not 1 page)
5ed17b7aeb1316a3f8daf637f4a7a6b4.pdf		2		SKIPPED (Not 1 page)
5ef059938ba799aaa845e1c2e8a762bd.pdf		1		TEXT-BASED PDF
5ef893a3104ab0cc85519a2ad3fec050.pdf		1		SCANNED PDF
5f0ad4db43d8723d18169b2e4817a160.pdf		2		SKIPPED (Not 1 page)
5fc31084408a07f4170a4109991b558b.pdf		1		TEXT-BASED PDF
5fd7cbbc45010f147c06926c44aff0b7.pdf		1		TEXT-BASED PDF
607f706d7e242fd9044d5639d900591a.pdf		1		TEXT-BASED PDF
6101903146e4bbf4999c449d78441606.pdf		6		SKIPPED (Not 1 page)
6120d42c7249acb7b2cfcf020bf7ab75.pdf		1		TEXT-BASED PDF
614f4f0d8a780ed18742f0193cd31af4.pdf		1		TEXT-BASED PDF
61c0bc869c02703fe2244a64cf2860d9.pdf		1		TEXT-BASED PDF
61d79eff4ce702126dea69f046d754bc.pdf		2		SKIPPED (Not 1 page)
61d8a70e99aa97296b03374304e090c5.pdf		1		TEXT-BASED PDF
62889e73828c756c961c5a6d6c01a463.pdf		1		TEXT-BASED PDF
6351bf9dce654515bf1ddbd6426dfa97.pdf		1		TEXT-BASED PDF
6364d3f0f495b6ab9dcf8d3b5c6e0b01.pdf		2		SKIPPED (Not 1 page)
63ceea56ae1563b4477506246829b386.pdf		1		TEXT-BASED PDF
63e3ba7e452774bd2399f738f09c9f59.pdf		1		TEXT-BASED PDF
63e6bc520edcbaa95446b5690d989f30.pdf		1		TEXT-BASED PDF
63ea2c642aaee001d818604fe1d9a811.pdf		1		TEXT-BASED PDF
6412fe12d3b2f5591d7cc7f6121a8a01.pdf		1		TEXT-BASED PDF
645098b086d2f9e1e0e939c27f9f2d6f.pdf		1		TEXT-BASED PDF
646c9941d7fb1bc793a7929328ae3f2f.pdf		1		TEXT-BASED PDF
647a8664e3a3d945c87db2d07a6590c1.pdf		1		TEXT-BASED PDF
647c4a3fb8adf93fe1fd2d8f9e7f84e1.pdf		1		TEXT-BASED PDF
6490791e7abf6b29a381288cc23a8223.pdf		1		TEXT-BASED PDF
6492d38d732122c58b44e3fdc3e9e9f3.pdf		1		TEXT-BASED PDF
649adc59afdef2a8b9e943f94a04b02f.pdf		2		SKIPPED (Not 1 page)
64d29f56aa43279ba07617b9724d5597.pdf		1		SCANNED PDF
64de166633d61c8326232568b42beef1.pdf		1		TEXT-BASED PDF
64ee1a382d8e7aa1e05b1601aeba124a.pdf		2		SKIPPED (Not 1 page)
6512bd43d9caa6e02c990b0a82652dca.pdf		1		TEXT-BASED PDF
65184321c340b4d56581ee59b58d9d56.pdf		1		TEXT-BASED PDF
6524341b411c77cdbd9dbc15f522c7b3.pdf		1		TEXT-BASED PDF
65a54865de989d0a6a60a8ad5b07e071.pdf		3		SKIPPED (Not 1 page)
65a579da11fa712149bca347ecfcb208.pdf		1		TEXT-BASED PDF
65f4086dbc18fa214f5a7a49bf55b981.pdf		1		TEXT-BASED PDF
66368270ffd51418ec58bd793f2d9b1b.pdf		3		SKIPPED (Not 1 page)
6644cb08d30b2ca55c284344a9750c2e.pdf		1		TEXT-BASED PDF
668f33215f65faf17f6f7f1d7f4b5fc8.pdf		1		TEXT-BASED PDF
66be31e4c40d676991f2405aaecc6934.pdf		1		TEXT-BASED PDF
67039300a84e6edee2cea5ae4d7eb634.pdf		2		SKIPPED (Not 1 page)
671f0311e2754fcdd37f70a8550379bc.pdf		1		TEXT-BASED PDF
672cf3025399742b1a047c8dc6b1e992.pdf		1		TEXT-BASED PDF
674e68d7f978c31eafc8e7a300ce9bc2.pdf		1		TEXT-BASED PDF
6770b3cd18521ccaea7cac4b42b2ee5f.pdf		1		TEXT-BASED PDF
678a1491514b7f1006d605e9161946b1.pdf		1		TEXT-BASED PDF
67adf2b28a9bca8c22616cadac7b6b84.pdf		1		TEXT-BASED PDF
67e103b0761e60683e83c559be18d40c.pdf		1		SCANNED PDF
67fc57486b0fa4d0870568426f32171e.pdf		1		TEXT-BASED PDF
68148596109e38cf9367d27875e185be.pdf		1		TEXT-BASED PDF
683c46992e4642f7cf7ea1dc7db4f93a.pdf		1		TEXT-BASED PDF
685217557383cd194b4f10ae4b39eebf.pdf		2		SKIPPED (Not 1 page)
68881d2246abebc3aa474b51ecd7773e.pdf		1		SCANNED PDF
68d30a9594728bc39aa24be94b319d21.pdf		1		TEXT-BASED PDF
68ff0c6ee845a28a756d3f8cf4e2a537.pdf		1		TEXT-BASED PDF
690e6de4e3e2c0916b6160d9959d156b.pdf		1		SCANNED PDF
690f44c8c2b7ded579d01abe8fdb6110.pdf		6		SKIPPED (Not 1 page)
6967a5fb05106806a40c6917a18023df.pdf		1		TEXT-BASED PDF
6968240043185f65f22097299b865f6b.pdf		1		TEXT-BASED PDF
69961657077e0093ed761aa01916c5ff.pdf		1		TEXT-BASED PDF
69f8ea31de0c00502b2ae571fbab1f95.pdf		1		SCANNED PDF
6a130f1dc6f0c829f874e92e5458dced.pdf		1		TEXT-BASED PDF
6a80e309f1922a25cb00ebcbabc017ae.pdf		1		TEXT-BASED PDF
6a992afb7a430eb66b188393aafe3105.pdf		8		SKIPPED (Not 1 page)
6a9edcb7b63821802aa44d35d531c9fc.pdf		1		TEXT-BASED PDF
6b5617315c9ac918215fc7514bef514b.pdf		1		TEXT-BASED PDF
6bd2ab1de93563ccc2ac555b8f1808de.pdf		1		SCANNED PDF
6bfe6de4ebb6ce650cdcf4322e63dee4.pdf		1		TEXT-BASED PDF
6c11cb78b7bbb5c22d5f5271b5494381.pdf		1		TEXT-BASED PDF
6c1da886822c67822bcf3679d04369fa.pdf		1		TEXT-BASED PDF
6c2fdcf862a752ca2c9e49866a05e1df.pdf		1		TEXT-BASED PDF
6c3cf77d52820cd0fe646d38bc2145ca.pdf		2		SKIPPED (Not 1 page)
6c8dba7d0df1c4a79dd07646be9a26c8.pdf		1		TEXT-BASED PDF
6d70cb65d15211726dcce4c0e971e21c.pdf		1		TEXT-BASED PDF
6dd4e10e3296fa63738371ec0d5df818.pdf		1		TEXT-BASED PDF
6e01383fd96a17ae51cc3e15447e7533.pdf		1		SCANNED PDF
6e171103e852992b0d83f35dbb0d358e.pdf		1		TEXT-BASED PDF
6e334169a5325adca8aec592cd14edd9.pdf		1		TEXT-BASED PDF
6e7d2da6d3953058db75714ac400b584.pdf		1		TEXT-BASED PDF
6ea9ab1baa0efb9e19094440c317e21b.pdf		1		TEXT-BASED PDF
6eb6e75fddec0218351dc5c0c8464104.pdf		1		TEXT-BASED PDF
6ed459ea169d96c38c7167d4cf471013.pdf		1		TEXT-BASED PDF
6ee69d3769e832ec77c9584e0b7ba112.pdf		1		TEXT-BASED PDF
6f0ca67289d79eb35d19decbc0a08453.pdf		2		SKIPPED (Not 1 page)
6f18c1b79cf5eb73fd82769c7099a71d.pdf		4		SKIPPED (Not 1 page)
6f350848b6612b5249daaa73cec0189b.pdf		1		SCANNED PDF
6f5216f8d89b086c18298e043bfe48ed.pdf		1		TEXT-BASED PDF
6fdf8aeb15cf3b343dcfc6d1b5f09b85.pdf		1		TEXT-BASED PDF
705f2172834666788607efbfca35afb3.pdf		1		TEXT-BASED PDF
709491516820c9f43b1249622a98a2fa.pdf		1		TEXT-BASED PDF
70bb83c9272e6c4bc6e83e0a55c7c9c3.pdf		1		TEXT-BASED PDF
70e9dbe24ba303f2d25ac34d3ae945c5.pdf		1		TEXT-BASED PDF
713f96370f69fb23e3387062bc914719.pdf		1		TEXT-BASED PDF
715f390c232030c410b5ff0aa1034a1c.pdf		1		TEXT-BASED PDF
71af59614c8b42af334933e9261e53be.pdf		1		TEXT-BASED PDF
71f538c5db462f9bf1c7a8521c622c41.pdf		1		TEXT-BASED PDF
723e8f97fde15f7a8d5ff8d558ea3f16.pdf		1		TEXT-BASED PDF
7250eb93b3c18cc9daa29cf58af7a004.pdf		1		TEXT-BASED PDF
726bd18c52afc248015dcdbc463c6f85.pdf		1		TEXT-BASED PDF
729c68884bd359ade15d5f163166738a.pdf		1		SCANNED PDF
72b32a1f754ba1c09b3695e0cb6cde7f.pdf		2		SKIPPED (Not 1 page)
731b03008e834f92a03085ef47061c4a.pdf		1		TEXT-BASED PDF
731c83db8d2ff01bdc000083fd3c3740.pdf		2		SKIPPED (Not 1 page)
73601bc3bd5a961a61a973e92e29f169.pdf		3		SKIPPED (Not 1 page)
7366b7a89fc9d6c90e308d633d63884f.pdf		3		SKIPPED (Not 1 page)
73741ea570def1d114a9ac9bb6726916.pdf		1		SCANNED PDF
737eb13c7593133a06c7ac5b90d15d2a.pdf		1		TEXT-BASED PDF
73b973e8cb788aaacc0d76892f85a877.pdf		3		SKIPPED (Not 1 page)
73d02e4344f71a0b0d51a925246990e7.pdf		1		TEXT-BASED PDF
73d4d7b15bfefa13c4a035fa16bb99ed.pdf		1		SCANNED PDF
73eae46e2ba0a8705e9c75ca5720f3b5.pdf		1		TEXT-BASED PDF
7439aebdba054f0d586d486ef2aff185.pdf		2		SKIPPED (Not 1 page)
7467fc45e24ec8d8b9023385c2a6066d.pdf		1		TEXT-BASED PDF
748ba69d3e8d1af87f84fee909eef339.pdf		1		TEXT-BASED PDF
749b3dec12dee44c9594af615a9de86b.pdf		2		SKIPPED (Not 1 page)
74af29e4a58ef5b90a184d5264d47342.pdf		1		TEXT-BASED PDF
74d2b98d66f5e375d2ee3a7d9e4e1354.pdf		1		TEXT-BASED PDF
74d3b2328adadbd5c9740b050d0a333c.pdf		1		TEXT-BASED PDF
74dbd1111727a31a2b825d615d80b2e7.pdf		1		TEXT-BASED PDF
751f879c2408105e969d31617d31fbf5.pdf		2		SKIPPED (Not 1 page)
7551e734ecfa518db7c1e6175abe5bfb.pdf		1		TEXT-BASED PDF
757b505cfd34c64c85ca5b5690ee5293.pdf		1		TEXT-BASED PDF
757c26bb260eb37f9ba86bf463117fa3.pdf		1		TEXT-BASED PDF
757f843a169cc678064d9530d12a1881.pdf		1		TEXT-BASED PDF
76330c26dea62332de2ca7b4a9ef51ec.pdf		1		TEXT-BASED PDF
764f9642ebf04622c53ebc366a68c0a7.pdf		3		SKIPPED (Not 1 page)
7658d0dd31ff8ec12a3933f064e000a1.pdf		1		TEXT-BASED PDF
76bba5ee241042431796c97a92e64f5d.pdf		1		TEXT-BASED PDF
76d4110e944e83212bafa4b11ebf2b7e.pdf		1		TEXT-BASED PDF
76d90b75c6cfb51ac5f82f265b06a6d7.pdf		2		SKIPPED (Not 1 page)
76dc611d6ebaafc66cc0879c71b5db5c.pdf		1		SCANNED PDF
76fabdc82dd649afd7efa2d6894e568d.pdf		1		TEXT-BASED PDF
773de9ea713363557c90891deddea6c8.pdf		1		TEXT-BASED PDF
7750ca3559e5b8e1f44210283368fc16.pdf		2		SKIPPED (Not 1 page)
776af9671dbfa3ac15c6e0711001bdea.pdf		1		TEXT-BASED PDF
778609db5dc7e1a8315717a9cdd8fd6f.pdf		2		SKIPPED (Not 1 page)
77b917da760ab9aeca583fd0bb0e1c67.pdf		1		TEXT-BASED PDF
7854d49ba2f35c970603fbe7b70364f9.pdf		1		TEXT-BASED PDF
785cf0a5def4977e0210f07e0f925fa1.pdf		1		TEXT-BASED PDF
78b73d22a1920ea41999e0d9290ce7d1.pdf		2		SKIPPED (Not 1 page)
78b8d6620afcd434a4b7fb41b22e595b.pdf		1		SCANNED PDF
7914e34007ebdcbcdfedfb12508d4f01.pdf		1		TEXT-BASED PDF
798cfc169a66eb10aa814f8a45d5ef42.pdf		1		TEXT-BASED PDF
79f53927eb6603ae6c54b55ff7a39803.pdf		1		TEXT-BASED PDF
7a47f991e304fd013ba300505eb42fd7.pdf		1		TEXT-BASED PDF
7ab8464df372307c1bcce9b2a043415a.pdf		1		SCANNED PDF
7af6266cc52234b5aa339b16695f7fc4.pdf		1		TEXT-BASED PDF
7b1ce3d73b70f1a7246e7b76a35fb552.pdf		1		TEXT-BASED PDF
7b5b23f4aadf9513306bcd59afb6e4c9.pdf		1		TEXT-BASED PDF
7b86f36d139d8581d4b5a4f155ba431c.pdf		1		TEXT-BASED PDF
7bccfde7714a1ebadf06c5f4cea752c1.pdf		1		TEXT-BASED PDF
7bd87e2f279ba0141a9795e201bf1a53.pdf		1		SCANNED PDF
7c016509737f407f177ab479a607fdab.pdf		1		TEXT-BASED PDF
7c21c080c204c2ec7523ae6fc12033a6.pdf		2		SKIPPED (Not 1 page)
7c6f8dba4a02404f97b5953d2c4172a7.pdf		1		TEXT-BASED PDF
7c82fab8c8f89124e2ce92984e04fb40.pdf		1		TEXT-BASED PDF
7c8aa9ae1ab630196ed047f0ed2ee15c.pdf		1		SCANNED PDF
7c9966afcc510cf5a40621d1d92bdaf1.pdf		1		TEXT-BASED PDF
7cac11e2f46ed46c339ec3d569853759.pdf		1		TEXT-BASED PDF
7cb1f2f2baf6ab2ae929ad8cb88d6210.pdf		1		TEXT-BASED PDF
7ce96e616cfd1a5caa4127a0ce4bd7fd.pdf		1		TEXT-BASED PDF
7d288f69a0110ea0add97ae01491e752.pdf		1		TEXT-BASED PDF
7d787bb950167c81630d2f1256eec848.pdf		1		TEXT-BASED PDF
7d9d329731cad1688ade8b557b74c68c.pdf		1		TEXT-BASED PDF
7da14b79a1aa9f61a28f0f972290f420.pdf		1		SCANNED PDF
7da9de56f480e009b5e9f18b279859d7.pdf		1		TEXT-BASED PDF
7e05d6f828574fbc975a896b25bb011e.pdf		1		SCANNED PDF
7e230522657ecdc50e4249581b861f8e.pdf		1		TEXT-BASED PDF
7e67622685947b49f374229b83be6cd6.pdf		1		TEXT-BASED PDF
7eacb532570ff6858afd2723755ff790.pdf		1		TEXT-BASED PDF
7eb3c8be3d411e8ebfab08eba5f49632.pdf		1		SCANNED PDF
7f1171a78ce0780a2142a6eb7bc4f3c8.pdf		1		TEXT-BASED PDF
7f2111cbef86a223862e0fdd2577705c.pdf		1		TEXT-BASED PDF
7f24d240521d99071c93af3917215ef7.pdf		2		SKIPPED (Not 1 page)
7f5a17b792b687fc4c227a5c5e569dd8.pdf		2		SKIPPED (Not 1 page)
7f6b550688de8db0290009ba6abd673c.pdf		2		SKIPPED (Not 1 page)
7f808f3226c4a95302489cfc3778fde0.pdf		3		SKIPPED (Not 1 page)
7f972621c06ec9e22c9b8b51659671e5.pdf		4		SKIPPED (Not 1 page)
7fc0e8de9ce1ab7d9b6c435a08a8b0d9.pdf		1		TEXT-BASED PDF
7fe1f8abaad094e0b5cb1b01d712f708.pdf		1		TEXT-BASED PDF
7fec306d1e665bc9c748b5d2b99a6e97.pdf		1		TEXT-BASED PDF
811be42d722f824eb6cb90ab95ef9e21.pdf		1		TEXT-BASED PDF
812649f8ed0e2e1d911298ec67ed9e61.pdf		2		SKIPPED (Not 1 page)
812b4ba287f5ee0bc9d43bbf5bbe87fb.pdf		1		TEXT-BASED PDF
814a9c18f5abff398787c9cfcbf3d80c.pdf		1		SCANNED PDF
819e3d6c1381eac87c17617e5165f38c.pdf		1		SCANNED PDF
81c650caac28cdefce4de5ddc18befa0.pdf		2		SKIPPED (Not 1 page)
81e4fe932e45bbbc10cfce7ffb67162e.pdf		1		TEXT-BASED PDF
8207f8d79c224f5feef34fe2c2d6adfe.pdf		1		SCANNED PDF
8232e119d8f59aa83050a741631803a6.pdf		1		TEXT-BASED PDF
8248f16fa738b0bfe6013edf69d873bf.pdf		2		SKIPPED (Not 1 page)
82680bfec0fa08346c1b10d30a3e3d4a.pdf		1		TEXT-BASED PDF
82d1c46a6014199790e16ead8a170b98.pdf		2		SKIPPED (Not 1 page)
82e6f7a80579e43e8bab4e86e7e25620.pdf		1		SCANNED PDF
831da40e5907987235ebe5616446e083.pdf		1		TEXT-BASED PDF
832688ff5af6c6dfef974773740ef2b5.pdf		1		TEXT-BASED PDF
835bafd2c534a1830c0590774285ff88.pdf		1		TEXT-BASED PDF
8386fa112ba70c3f60b6907d3812bb9e.pdf		1		TEXT-BASED PDF
83e8ef518174e1eb6be4a0778d050c9d.pdf		1		SCANNED PDF
841b60e20ff680b0d59aa9d6902fe289.pdf		1		TEXT-BASED PDF
842746dc8d98352c8c07b066d4554e7f.pdf		1		TEXT-BASED PDF
84a529a92de322be42dd3365afd54f91.pdf		1		TEXT-BASED PDF
84b069ebd287d467cb7fd26e53c6a0c9.pdf		1		TEXT-BASED PDF
84c4f0b0bf96a0cd9082433e88811703.pdf		1		TEXT-BASED PDF
84d2004bf28a2095230e8e14993d398d.pdf		1		TEXT-BASED PDF
853b722222dd0e45a9f94f2c799c949d.pdf		1		TEXT-BASED PDF
85422afb467e9456013a2a51d4dff702.pdf		2		SKIPPED (Not 1 page)
854d9fca60b4bd07f9bb215d59ef5561.pdf		1		TEXT-BASED PDF
8571ddcc1c64ca1fa11891d899cab05d.pdf		1		TEXT-BASED PDF
85c4ef2f7a943600c97b5903247567b7.pdf		1		TEXT-BASED PDF
85dfba75bcadb576723264b5986f2ac2.pdf		4		SKIPPED (Not 1 page)
85f007f8c50dd25f5a45fca73cad64bd.pdf		1		TEXT-BASED PDF
860320be12a1c050cd7731794e231bd3.pdf		1		TEXT-BASED PDF
86158a6b3924670a32dad65bbc41bd95.pdf		1		TEXT-BASED PDF
865e434f7f48e0e93f69cbb938b06809.pdf		1		TEXT-BASED PDF
86636b6605b2bcb9a738d0e9bbce3c43.pdf		1		SCANNED PDF
866c7ee013c58f01fa153a8d32c9ed57.pdf		1		TEXT-BASED PDF
867079fcaff2dfddeb29ca1f27853ef7.pdf		1		TEXT-BASED PDF
86df7dcfd896fcaf2674f757a2463eba.pdf		1		TEXT-BASED PDF
86fe37cd03aa605545a7854608e98c35.pdf		1		SCANNED PDF
87549e74d3546183365ad3f438a48fc4.pdf		1		SCANNED PDF
878d5691c824ee2aaf770f7d36c151d6.pdf		1		TEXT-BASED PDF
883e881bb4d22a7add958f2d6b052c9f.pdf		2		SKIPPED (Not 1 page)
884d79963bd8bc0ae9b13a1aa71add73.pdf		1		SCANNED PDF
88a199611ac2b85bd3f76e8ee7e55650.pdf		2		SKIPPED (Not 1 page)
88a839f2f6f1427879fc33ee4acf4f66.pdf		1		TEXT-BASED PDF
899a13400527fd3b12105ec17a67dbac.pdf		2		SKIPPED (Not 1 page)
89f0fd5c927d466d6ec9a21b9ac34ffa.pdf		1		TEXT-BASED PDF
89f3c33175c57115408f4fd8a8557751.pdf		1		TEXT-BASED PDF
8a9e0b75eccc318e8e449b34f0a56462.pdf		2		SKIPPED (Not 1 page)
8ab9121c7dcd00525d3f8de4200173bd.pdf		2		SKIPPED (Not 1 page)
8ad3c1db0f3411d9825cb088de789857.pdf		1		TEXT-BASED PDF
8af95fe2ab1a54b488ef8efb3f3b0797.pdf		1		TEXT-BASED PDF
8b0dc65f996f98fd178a9defd0efa077.pdf		1		TEXT-BASED PDF
8b1c998cf6efb43824bbab2d8c9b078b.pdf		1		TEXT-BASED PDF
8b910e56415eb6bd1037b46e6e619c58.pdf		2		SKIPPED (Not 1 page)
8bd045c0275185605e58d7fec40ecae6.pdf		1		TEXT-BASED PDF
8bdb5058376143fa358981954e7626b8.pdf		2		SKIPPED (Not 1 page)
8bff390dadc80bbeca7bc73193de2355.pdf		1		TEXT-BASED PDF
8c249675aea6c3cbd91661bbae767ff1.pdf		1		TEXT-BASED PDF
8c3039bd5842dca3d944faab91447818.pdf		2		SKIPPED (Not 1 page)
8cb22bdd0b7ba1ab13d742e22eed8da2.pdf		1		TEXT-BASED PDF
8d373a5f49b37b82596aaaadb567e6ff.pdf		1		TEXT-BASED PDF
8d9d4a6ada2203326292becd8a961dc9.pdf		1		TEXT-BASED PDF
8dacd3d8b9d2cd20eb244b5f745ea88e.pdf		1		TEXT-BASED PDF
8e1da93be98c91053ef56a0d7b9e3f9c.pdf		1		TEXT-BASED PDF
8e2cfdc275761edc592f73a076197c33.pdf		1		SCANNED PDF
8e5374203123a2502404dbd7ea19862d.pdf		1		TEXT-BASED PDF
8e60cfb63ef8bedd98f6868c6accf1c2.pdf		1		TEXT-BASED PDF
8e6b42f1644ecb1327dc03ab345e618b.pdf		2		SKIPPED (Not 1 page)
8ea4058893eee96e3c4975d904d1c6bb.pdf		1		TEXT-BASED PDF
8ebda540cbcc4d7336496819a46a1b68.pdf		2		SKIPPED (Not 1 page)
8ee7730e97c67473a424ccfeff49ab20.pdf		1		TEXT-BASED PDF
8f4d94fa779cb6b74225a9e26c700a39.pdf		1		TEXT-BASED PDF
8f53295a73878494e9bc8dd6c3c7104f.pdf		1		SCANNED PDF
8fe04df45a22b63156ebabbb064fcd5e.pdf		1		SCANNED PDF
90a82bf94b4c5981e7e68ff425e519f3.pdf		1		TEXT-BASED PDF
9113c52c5f26af1782e6bf7c56973ef4.pdf		1		SCANNED PDF
912d2b1c7b2826caf99687388d2e8f7c.pdf		2		SKIPPED (Not 1 page)
91f8afce74ed6f014b615007062e417c.pdf		9		SKIPPED (Not 1 page)
9232965e399095e0ef458a3325ba5382.pdf		1		TEXT-BASED PDF
9246444d94f081e3549803b928260f56.pdf		1		TEXT-BASED PDF
9274eae5c531194f50bbf029e38f0046.pdf		2		SKIPPED (Not 1 page)
92977ae4d2ba21425a59afb269c2a14e.pdf		1		TEXT-BASED PDF
92d1e1eb1cd6f9fba3227870bb6d7f07.pdf		1		TEXT-BASED PDF
934535dc581e59cf47d5121fb1fe4186.pdf		1		TEXT-BASED PDF
9375084629cd055e6b819053bc9714de.pdf		1		TEXT-BASED PDF
93819e80e5e3693840fa1f2c327b51b5.pdf		2		SKIPPED (Not 1 page)
93b71ff0836bb95466a9de7aaa34de09.pdf		1		TEXT-BASED PDF
93fb39474c51b8a82a68413e2a5ae17a.pdf		1		TEXT-BASED PDF
94263e205faec4311b1859acceeafe26.pdf		1		TEXT-BASED PDF
9455002d9ab7765be7805baa356651d2.pdf		2		SKIPPED (Not 1 page)
949686ecef4ee20a62d16b4a2d7ccca3.pdf		3		SKIPPED (Not 1 page)
94bd3f4d79c60af8831740e58a68dd6e.pdf		1		TEXT-BASED PDF
94f6d7e04a4d452035300f18b984988c.pdf		1		TEXT-BASED PDF
94f79e7c90b87514a07c47bdc5498262.pdf		1		TEXT-BASED PDF
951124d4a093eeae83d9726a20295498.pdf		1		TEXT-BASED PDF
951ff4e98728489ab3949b77a11507e2.pdf		3		SKIPPED (Not 1 page)
952285b9b7e7a1be5aa7849f32ffff05.pdf		1		TEXT-BASED PDF
958adb57686c2fdec5796398de5f317a.pdf		1		TEXT-BASED PDF
95b431e51fc53692913da5263c214162.pdf		1		TEXT-BASED PDF
966eaa9527eb956f0dc8788132986707.pdf		1		TEXT-BASED PDF
9680c4b2639ed223c2793005f0048418.pdf		2		SKIPPED (Not 1 page)
96bcb45a6e30b2b3381934344b10a7ce.pdf		1		TEXT-BASED PDF
96c5c28becf18e71190460a9955aa4d8.pdf		1		TEXT-BASED PDF
96da2f590cd7246bbde0051047b0d6f7.pdf		1		SCANNED PDF
96ea64f3a1aa2fd00c72faacf0cb8ac9.pdf		2		SKIPPED (Not 1 page)
970af30e481057c48f87e101b61e6994.pdf		1		TEXT-BASED PDF
9739efc4f01292e764c86caa59af353e.pdf		1		TEXT-BASED PDF
973a5f0ccbc4ee3524ccf035d35b284b.pdf		1		TEXT-BASED PDF
97416ac0f58056947e2eb5d5d253d4f2.pdf		1		TEXT-BASED PDF
9766527f2b5d3e95d4a733fcfb77bd7e.pdf		1		TEXT-BASED PDF
9773d3352e206fef3df91b8757d63b67.pdf		1		TEXT-BASED PDF
977f8b33d303564416bf9f4ab1c39720.pdf		1		TEXT-BASED PDF
979a659fe9f4cc5f2dfef047b5da50ab.pdf		1		TEXT-BASED PDF
97d0145823aeb8ed80617be62e08bdcc.pdf		1		TEXT-BASED PDF
980ecd059122ce2e50136bda65c25e07.pdf		1		TEXT-BASED PDF
981a3d9d46123dc4231e4cc3a718362c.pdf		1		TEXT-BASED PDF
9877c66299c5b98d81fed12827d87e4b.pdf		1		SCANNED PDF
98795443cdbf0375dd946728e2f4e51a.pdf		1		TEXT-BASED PDF
98986c005e5def2da341b4e0627d4712.pdf		1		TEXT-BASED PDF
98f13708210194c475687be6106a3b84.pdf		2		SKIPPED (Not 1 page)
9904f28d9384a095bce6d85776ddfb4e.pdf		2		SKIPPED (Not 1 page)
9965b21b3968b6abc41143236b035c8c.pdf		2		SKIPPED (Not 1 page)
996a7fa078cc36c46d02f9af3bef918b.pdf		1		TEXT-BASED PDF
997ddfb43e587b1580a0caba67f9de24.pdf		1		TEXT-BASED PDF
99927ed3f11c0f361bd4c0c7d61d246f.pdf		1		TEXT-BASED PDF
99adff456950dd9629a5260c4de21858.pdf		4		SKIPPED (Not 1 page)
99c83c904d0d64fbef50d919a5c66a80.pdf		18		SKIPPED (Not 1 page)
99e314b1b43706773153e7ef375fc68c.pdf		1		TEXT-BASED PDF
99ec8b626a47132c52969dd081cdd808.pdf		1		TEXT-BASED PDF
9a2241c2015fb98771d97a9828db1d73.pdf		2		SKIPPED (Not 1 page)
9aa42b31882ec039965f3c4923ce901b.pdf		1		TEXT-BASED PDF
9afe487de556e59e6db6c862adfe25a4.pdf		1		TEXT-BASED PDF
9b40aee76034c9543ceacba5df759a1d.pdf		1		TEXT-BASED PDF
9b47b8678d84ea8a0f9fe6c4ec599918.pdf		1		TEXT-BASED PDF
9b70e8fe62e40c570a322f1b0b659098.pdf		1		TEXT-BASED PDF
9bb2b56e6b7174609d788805794a4f46.pdf		1		TEXT-BASED PDF
9bd61ffe923a9953840d210e3b6111dd.pdf		1		TEXT-BASED PDF
9bd78711ca7a73f270c150b52d9756f8.pdf		2		SKIPPED (Not 1 page)
9be40cee5b0eee1462c82c6964087ff9.pdf		1		TEXT-BASED PDF
9c01802ddb981e6bcfbec0f0516b8e35.pdf		1		TEXT-BASED PDF
9c440b45b356a36bd3b2562a361d9656.pdf		1		TEXT-BASED PDF
9c449771d0edc923c2713a7462cefa3b.pdf		1		TEXT-BASED PDF
9c453cf6194406f48a40272eec8de2a8.pdf		1		TEXT-BASED PDF
9c82c7143c102b71c593d98d96093fde.pdf		3		SKIPPED (Not 1 page)
9c838d2e45b2ad1094d42f4ef36764f6.pdf		1		SCANNED PDF
9c9b9968f53b847802ec73df94b649c0.pdf		1		TEXT-BASED PDF
9cac2ca53c5fe723c249d012d6091c50.pdf		1		TEXT-BASED PDF
9cb4d40fce0492278209290ee3e4ae31.pdf		3		SKIPPED (Not 1 page)
9cd013fe250ebffc853b386569ab18c0.pdf		1		TEXT-BASED PDF
9cf81d8026a9018052c429cc4e56739b.pdf		1		TEXT-BASED PDF
9d7099d87947faa8d07a272dd6954b80.pdf		1		TEXT-BASED PDF
9d70ada63ee39c2f16e678bbf698df46.pdf		1		TEXT-BASED PDF
9dd16e049becf4d5087c90a83fea403b.pdf		1		TEXT-BASED PDF
9e3cfc48eccf81a0d57663e129aef3cb.pdf		1		TEXT-BASED PDF
9f1d5659d5880fb427f6e04ae500fc25.pdf		4		SKIPPED (Not 1 page)
9f9d8edfbd4baab2060a115bbdcee1d6.pdf		2		SKIPPED (Not 1 page)
9fd93cfddc3568482b5eb057efe06f16.pdf		1		TEXT-BASED PDF
9fe8593a8a330607d76796b35c64c600.pdf		1		TEXT-BASED PDF
a01a0380ca3c61428c26a231f0e49a09.pdf		1		TEXT-BASED PDF
a01f3ca6e3e4ece8e1a30696f52844bc.pdf		1		TEXT-BASED PDF
a03caec56cd82478bf197475b48c05f9.pdf		1		TEXT-BASED PDF
a0a080f42e6f13b3a2df133f073095dd.pdf		1		TEXT-BASED PDF
a11513a4f1fd7e7b0c29be2cf7ad701d.pdf		1		TEXT-BASED PDF
a14fd85ebbd38dbeddf3cd65ba2c1da1.pdf		2		SKIPPED (Not 1 page)
a16741d0aac91b0ca73b5bb17b3f4e36.pdf		1		TEXT-BASED PDF
a192d499623a7b07c476cf028aff9a7f.pdf		2		SKIPPED (Not 1 page)
a1a3e1728ecc9bfe4ca64599f0e661df.pdf		1		TEXT-BASED PDF
a1bcb47486d5abaeabf8fc1d64abe62b.pdf		1		TEXT-BASED PDF
a1c71b134d46d7f7ff00f488874a8d43.pdf		1		TEXT-BASED PDF
a1d33d0dfec820b41b54430b50e96b5c.pdf		2		SKIPPED (Not 1 page)
a1d41c14c1d0aa9b9cc1e228d962fe42.pdf		1		TEXT-BASED PDF
a2137a2ae8e39b5002a3f8909ecb88fe.pdf		1		TEXT-BASED PDF
a29a5ba2cb7bdeabba22de8c83321b46.pdf		1		TEXT-BASED PDF
a34c46916c53099c8038cff641c9b127.pdf		1		TEXT-BASED PDF
a371220f8bdb240bffb403c5ac7f3ef1.pdf		1		TEXT-BASED PDF
a383d162a97be62a400e00c320eae9c7.pdf		1		TEXT-BASED PDF
a3a51080d3fcd1adab3a44996fd6b977.pdf		1		TEXT-BASED PDF
a3c1e64ad2997b7947556ba8806f6e56.pdf		1		SCANNED PDF
a3c36d0c741ddabbdb44b35a4fbebcb4.pdf		1		TEXT-BASED PDF
a3c65c2974270fd093ee8a9bf8ae7d0b.pdf		1		TEXT-BASED PDF
a3d68b461bd9d3533ee1dd3ce4628ed4.pdf		1		TEXT-BASED PDF
a3f390d88e4c41f2747bfa2f1b5f87db.pdf		2		SKIPPED (Not 1 page)
a41acbd3ffd616b5fd306761bb865d23.pdf		1		TEXT-BASED PDF
a422e60213322845b85ae122de53269f.pdf		1		TEXT-BASED PDF
a424ed4bd3a7d6aea720b86d4a360f75.pdf		1		TEXT-BASED PDF
a47cc7b881ce40bc6ba3e71d5d47fbf1.pdf		2		SKIPPED (Not 1 page)
a48a1b922cbd6d5d08664325afd2b1a2.pdf		1		TEXT-BASED PDF
a4d2f0d23dcc84ce983ff9157f8b7f88.pdf		1		TEXT-BASED PDF
a51c896c9cb81ecb5a199d51ac9fc3c5.pdf		7		SKIPPED (Not 1 page)
a522fbd52ff0d8e2c9faf085e7ec0966.pdf		10		SKIPPED (Not 1 page)
a53d1388191884b75c48bebb18709bfb.pdf		1		TEXT-BASED PDF
a54505e6a589aa3b38674ef107da13c1.pdf		1		TEXT-BASED PDF
a561e7ebcac8441387d4fe143fdef87f.pdf		1		TEXT-BASED PDF
a5ae355fbd0de73bbc8ab3da0084a3a8.pdf		1		TEXT-BASED PDF
a6b964c0bb675116a15ef1325b01ff45.pdf		1		TEXT-BASED PDF
a70a3a174938bdf20e7b87062c015792.pdf		1		TEXT-BASED PDF
a74d1ff33e951286f8b41bd995f0c5e0.pdf		1		TEXT-BASED PDF
a760880003e7ddedfef56acb3b09697f.pdf		1		TEXT-BASED PDF
a767b1393860de7db35a9954b1aa2f9d.pdf		1		TEXT-BASED PDF
a76c0abe2b7b1b79e70f0073f43c3b44.pdf		1		TEXT-BASED PDF
a7e272202d38f212dcdc3978bcb70a6f.pdf		1		TEXT-BASED PDF
a8442efac020cf971575de816beb459e.pdf		1		TEXT-BASED PDF
a87823bb4525992c4faeea10b5965d6c.pdf		1		TEXT-BASED PDF
a8ae6106b51fa41d5f17865c0d958263.pdf		4		SKIPPED (Not 1 page)
a8c88a0055f636e4a163a5e3d16adab7.pdf		1		SCANNED PDF
a8d3b1e36a14da038a06f675d1693dd8.pdf		1		TEXT-BASED PDF
a8e864d04c95572d1aece099af852d0a.pdf		1		TEXT-BASED PDF
a981f2b708044d6fb4a71a1463242520.pdf		1		TEXT-BASED PDF
a98bf9c158d51c9757bd04eb9d2e16f7.pdf		1		TEXT-BASED PDF
a992a9e939240ce589accf70240bddda.pdf		2		SKIPPED (Not 1 page)
a9b7ba70783b617e9998dc4dd82eb3c5.pdf		1		SCANNED PDF
a9f7b62f1fa0212d6809420dc83023e8.pdf		2		SKIPPED (Not 1 page)
a9fb9e6ef40426e9add520623d521ab8.pdf		1		TEXT-BASED PDF
aa432ddb48f87d2c5114f1c11e7c68a5.pdf		1		TEXT-BASED PDF
aa49af1072b367b0a3342314401297a9.pdf		1		TEXT-BASED PDF
aa988447067c0355df0223065af9d055.pdf		1		TEXT-BASED PDF
aab3238922bcc25a6f606eb525ffdc56.pdf		3		SKIPPED (Not 1 page)
ab7314887865c4265e896c6e209d1cd6.pdf		1		TEXT-BASED PDF
ab9bc301ed969f5fa62e9908d7fd80e7.pdf		1		TEXT-BASED PDF
abb451a12cf1a9d93292e81f0d4fdd7a.pdf		1		TEXT-BASED PDF
abd815286ba1007abfbb8415b83ae2cf.pdf		1		TEXT-BASED PDF
abf0931987f2f8eb7a8d26f2c21fe172.pdf		1		TEXT-BASED PDF
abff833e69ceda5b038c0f2b98d71525.pdf		1		TEXT-BASED PDF
ac863dac85e27c93e8fba1bc0ab49276.pdf		2		SKIPPED (Not 1 page)
ac90e5f00f7542d99231f63fb0dfeecf.pdf		1		TEXT-BASED PDF
ac9815bef801f58de83804bce86984ad.pdf		1		TEXT-BASED PDF
acd9bdac8824615154e7f1868f29acf6.pdf		1		TEXT-BASED PDF
ad177a1b319fe986e2030fc03d2df126.pdf		1		SCANNED PDF
ad22e184c6cdfb585ad39195d1905acd.pdf		1		TEXT-BASED PDF
ad2972cf612acdeec0f99338a768aa05.pdf		1		TEXT-BASED PDF
ad3019b856147c17e82a5bead782d2a8.pdf		1		TEXT-BASED PDF
ad8d3a0a0f0a084a97fad357c649438c.pdf		2		SKIPPED (Not 1 page)
adb0e2c465ae2a4b7698a8901fdbb177.pdf		1		TEXT-BASED PDF
ae1eaa32d10b6c886981755d579fb4d8.pdf		1		TEXT-BASED PDF
ae714b2895215ee6c844a04374bde7fb.pdf		1		SCANNED PDF
ae98e3391c4268302e0e8f97c3c005bb.pdf		1		TEXT-BASED PDF
aebf428799f36456510413c389b740f9.pdf		1		TEXT-BASED PDF
aecad42329922dfc97eee948606e1f8e.pdf		1		TEXT-BASED PDF
aee642bc38526fe569ff9c579320eb79.pdf		2		SKIPPED (Not 1 page)
aeea73be8c3967e626f871de617d508c.pdf		1		TEXT-BASED PDF
af9c0e0c1dee63e5acad8b7ed1a5be96.pdf		1		TEXT-BASED PDF
afdec7005cc9f14302cd0474fd0f3c96.pdf		1		TEXT-BASED PDF
afeae7504d214a43ca689bc1d0999930.pdf		1		TEXT-BASED PDF
aff0a6a4521232970b2c1cf539ad0a19.pdf		1		TEXT-BASED PDF
aff53752790c8c5348954c335c5ad682.pdf		1		TEXT-BASED PDF
b05b57f6add810d3b7490866d74c0053.pdf		1		TEXT-BASED PDF
b090409688550f3cc93f4ed88ec6cafb.pdf		1		TEXT-BASED PDF
b0b36c71ef0a155300c69a618bf9b9f5.pdf		1		TEXT-BASED PDF
b0c2b4c9093282097ead26fb94f6d113.pdf		16		SKIPPED (Not 1 page)
b1501a9528a292585b7e90e8708143f1.pdf		1		TEXT-BASED PDF
b15974e83b24e8c06f6fa77f97430d89.pdf		3		SKIPPED (Not 1 page)
b16574c54c98b9512edbecb8fa4f47f2.pdf		1		TEXT-BASED PDF
b18336c06954cf0a92113517ca2bdd29.pdf		1		TEXT-BASED PDF
b1adda14824f50ef24ff1c05bb66faf3.pdf		1		TEXT-BASED PDF
b1c14790bce31f481f50e49de3542a85.pdf		2		SKIPPED (Not 1 page)
b1c1c47f20cf1d3253555b8cf83949c0.pdf		1		TEXT-BASED PDF
b1c5d6d28abda1b579b1718613c62d93.pdf		1		TEXT-BASED PDF
b259a593d2ac9619df8c8a5a6c2717a2.pdf		1		TEXT-BASED PDF
b27152e13b5ed9b61478a1384d7b9bf2.pdf		1		TEXT-BASED PDF
b29e1baea1aa0702319961bcae84d87b.pdf		2		SKIPPED (Not 1 page)
b2ec5fbfb158548e1c4a3c02b2752a51.pdf		1		TEXT-BASED PDF
b34517c68d949a02746108522f958479.pdf		1		TEXT-BASED PDF
b356e7aed7ee82589e54a466e0dca157.pdf		1		TEXT-BASED PDF
b37242925ffe0da400d9b98c254b9fcd.pdf		1		SCANNED PDF
b3b43aeeacb258365cc69cdaf42a68af.pdf		2		SKIPPED (Not 1 page)
b451da363bb08b9a81ceadbadb5133ef.pdf		1		TEXT-BASED PDF
b458b8febcef7e8b854ebdd7eda80b96.pdf		1		TEXT-BASED PDF
b4631d19343f260022ee73087c6e2eab.pdf		1		TEXT-BASED PDF
b4892f808f9efbd561cecbfbec3ad20d.pdf		4		SKIPPED (Not 1 page)
b4a528955b84f584974e92d025a75d1f.pdf		2		SKIPPED (Not 1 page)
b51a15f382ac914391a58850ab343b00.pdf		1		SCANNED PDF
b534ba68236ba543ae44b22bd110a1d6.pdf		1		TEXT-BASED PDF
b53b3a3d6ab90ce0268229151c9bde11.pdf		1		TEXT-BASED PDF
b56522cb95aa89c207e129509362cce3.pdf		1		TEXT-BASED PDF
b569502f473b890f9fcfc45b8a227baa.pdf		20		SKIPPED (Not 1 page)
b56baf5ddf91123f42fa39ebb461e126.pdf		7		SKIPPED (Not 1 page)
b58144d7e90b5a43edcce1ca9e642882.pdf		4		SKIPPED (Not 1 page)
b594f8f8fcc3cc7910e2dcd4269a2e95.pdf		1		TEXT-BASED PDF
b59f635e9f984164bf71aa36a8dd265e.pdf		1		TEXT-BASED PDF
b5dc4e5d9b495d0196f61d45b26ef33e.pdf		1		TEXT-BASED PDF
b695c680f92ed7efbe95d056782827ad.pdf		1		TEXT-BASED PDF
b6af2c9703f203a2794be03d443af2e3.pdf		4		SKIPPED (Not 1 page)
b6b90237b3ebd1e462a5d11dbc5c4dae.pdf		1		TEXT-BASED PDF
b6cda17abb967ed28ec9610137aa45f7.pdf		1		TEXT-BASED PDF
b706835de79a2b4e80506f582af3676a.pdf		1		TEXT-BASED PDF
b7087c1f4f89e63af8d46f3b20271153.pdf		1		TEXT-BASED PDF
b710915795b9e9c02cf10d6d2bdb688c.pdf		1		TEXT-BASED PDF
b7bb35b9c6ca2aee2df08cf09d7016c2.pdf		1		SCANNED PDF
b82b1c2afe93439b68c4a4945a27daf2.pdf		1		TEXT-BASED PDF
b86b8c4fa6f55a31dd1964bd374d654f.pdf		1		TEXT-BASED PDF
b86e8d03fe992d1b0e19656875ee557c.pdf		1		TEXT-BASED PDF
b8742743f35ad13e837cb8fc849f759d.pdf		2		SKIPPED (Not 1 page)
b8c4464e7ee7dc326d7807a8549e449f.pdf		1		TEXT-BASED PDF
b8d889c4e9b34bc7dc7a93a2a9a91070.pdf		1		TEXT-BASED PDF
b9228e0962a78b84f3d5d92f4faa000b.pdf		1		TEXT-BASED PDF
b93f11867481fc6d77908aea58ba6198.pdf		1		TEXT-BASED PDF
b9531e7d2a8f38fe8dcc73f58cae9530.pdf		1		SCANNED PDF
ba1b3eba322eab5d895aa3023fe78b9c.pdf		1		TEXT-BASED PDF
ba3866600c3540f67c1e9575e213be0a.pdf		1		TEXT-BASED PDF
ba530cdf0a884348613f2aaa3a5ba5e8.pdf		1		TEXT-BASED PDF
bbbdef0b9bc5d4e6735581fa7f6a614b.pdf		1		SCANNED PDF
bc6fe82635b1429d3e886eec0fc34f49.pdf		2		SKIPPED (Not 1 page)
bc8741c4e92bbbca75ab9fe51f54664a.pdf		1		TEXT-BASED PDF
bca314ed6a27eb1a7ce8434de54e3453.pdf		2		SKIPPED (Not 1 page)
bcbe3365e6ac95ea2c0343a2395834dd.pdf		2		SKIPPED (Not 1 page)
bd0bbd6f4ca059d60e92b3d4cbfa976b.pdf		1		TEXT-BASED PDF
bd33f02c4e28615b5af2d24703e066d5.pdf		1		SCANNED PDF
bd4828247647544af24a15ac79a1ef9f.pdf		4		SKIPPED (Not 1 page)
be4e02ac094a09d32e3c09b34f3883a2.pdf		2		SKIPPED (Not 1 page)
be629262dfba85e4814b3e74dee4a724.pdf		1		TEXT-BASED PDF
bea5955b308361a1b07bc55042e25e54.pdf		3		SKIPPED (Not 1 page)
beb22fb694d513edcf5533cf006dfeae.pdf		1		TEXT-BASED PDF
beda847edabdd461b87a0821a65cad5f.pdf		1		SCANNED PDF
beed13602b9b0e6ecb5b568ff5058f07.pdf		1		TEXT-BASED PDF
befe5b0172188ad14d48c3ebe9cf76bf.pdf		1		TEXT-BASED PDF
bf0377d5a3968bac5aac7a10dfff1b86.pdf		1		TEXT-BASED PDF
bf0c0d36a5a3f240ccbc590fca184a7f.pdf		1		TEXT-BASED PDF
bf453f2614003078beb672654334ce15.pdf		1		TEXT-BASED PDF
bffc98347ee35b3ead06728d6f073c68.pdf		1		TEXT-BASED PDF
c06b57c153593ad97339f96585f6692a.pdf		1		TEXT-BASED PDF
c0b9031eabb6c34699a6427622186cdc.pdf		1		TEXT-BASED PDF
c20ad4d76fe97759aa27a0c99bff6710.pdf		1		TEXT-BASED PDF
c20bb2d9a50d5ac1f713f8b34d9aac5a.pdf		1		SCANNED PDF
c213877427b46fa96cff6c39e837ccee.pdf		1		TEXT-BASED PDF
c2626d850c80ea07e7511bbae4c76f4b.pdf		1		TEXT-BASED PDF
c2839bed26321da8b466c80a032e4714.pdf		1		TEXT-BASED PDF
c28e5b0c9841b5ef396f9f519bf6c217.pdf		2		SKIPPED (Not 1 page)
c30ca4400db3c72274c8ad819f688c21.pdf		1		TEXT-BASED PDF
c31b43829c7b4afe91ff4c0797247a76.pdf		1		TEXT-BASED PDF
c35a4c435947597d8ba9718c4d7d6643.pdf		1		TEXT-BASED PDF
c366c2c97d47b02b24c3ecade4c40a01.pdf		1		TEXT-BASED PDF
c3e4035af2a1cde9f21e1ae1951ac80b.pdf		12		SKIPPED (Not 1 page)
c3f400862abb2668f9c0cbe39cbb2469.pdf		1		TEXT-BASED PDF
c3f7a5ca6fa6409448a99f5a772828a8.pdf		1		TEXT-BASED PDF
c4015b7f368e6b4871809f49debe0579.pdf		2		SKIPPED (Not 1 page)
c413f7f539f39425597705c9142a94b0.pdf		2		SKIPPED (Not 1 page)
c45147dee729311ef5b5c3003946c48f.pdf		1		TEXT-BASED PDF
c474b217c91de1f9864507a1363f795d.pdf		1		SCANNED PDF
c4851e8e264415c4094e4e85b0baa7cc.pdf		1		TEXT-BASED PDF
c494d9524143b2ebe567475e985c19f7.pdf		1		TEXT-BASED PDF
c4b108f53550f1d5967305a9a8140ddd.pdf		1		TEXT-BASED PDF
c54d2118d6a3a2b06f07e9eeb240d741.pdf		1		TEXT-BASED PDF
c5a8c45bb92b22b295a2e79afdc26280.pdf		1		TEXT-BASED PDF
c5ab0bc60ac7929182aadd08703f1ec6.pdf		1		SCANNED PDF
c5ff2543b53f4cc0ad3819a36752467b.pdf		1		TEXT-BASED PDF
c61aed648da48aa3893fb3eaadd88a7f.pdf		3		SKIPPED (Not 1 page)
c68bd9055776bf38d8fc43c0ed283678.pdf		2		SKIPPED (Not 1 page)
c703c1c23ad683836fe8c1acce9b850a.pdf		1		TEXT-BASED PDF
c77331e51c5555f8f935d3344c964bd5.pdf		1		SCANNED PDF
c7a19fe3198a7cdef110e52e5b455e36.pdf		1		TEXT-BASED PDF
c7a2af589d255231c76944fe4a45a500.pdf		1		SCANNED PDF
c7bf0b7c1a86d5eb3be2c722cf2cf746.pdf		2		SKIPPED (Not 1 page)
c7cd4536abacd24976a94ce7e5e10939.pdf		1		TEXT-BASED PDF
c7f409723f7655153ec02c23b87b31a9.pdf		4		SKIPPED (Not 1 page)
c802ceaa43e6ad9ddc511cab5f34789c.pdf		1		TEXT-BASED PDF
c80728aa924ef2e490a13188e1178518.pdf		1		TEXT-BASED PDF
c8194823937cbafcfcef5b0c21de59bd.pdf		1		TEXT-BASED PDF
c850371fda6892fbfd1c5a5b457e5777.pdf		2		SKIPPED (Not 1 page)
c89f28fe875efcf36c8973a7f81bfbb0.pdf		1		TEXT-BASED PDF
c8a504a9a22d488a8d8f8fa7b890e20f.pdf		1		TEXT-BASED PDF
c8ba76c279269b1c6bc8a07e38e78fa4.pdf		1		TEXT-BASED PDF
c8f5b1786c5c5f89edf17f37dbca107e.pdf		1		TEXT-BASED PDF
c90b7a69d23093b5eecacda3cf61c3a1.pdf		1		TEXT-BASED PDF
c9513b89892fb5a2667053143887285a.pdf		2		SKIPPED (Not 1 page)
c9772667ba6122896327f5856ff8224f.pdf		1		SCANNED PDF
c9892a989183de32e976c6f04e700201.pdf		1		TEXT-BASED PDF
c99e757a469e0631c1a61e97949885f1.pdf		1		TEXT-BASED PDF
c9c0d8a434fdbcee4cd69ea2ce1fe371.pdf		2		SKIPPED (Not 1 page)
c9fef0f5571c58ecd8c845e3b0f4b7f7.pdf		1		TEXT-BASED PDF
ca0daec69b5adc880fb464895726dbdf.pdf		1		TEXT-BASED PDF
ca46c1b9512a7a8315fa3c5a946e8265.pdf		1		TEXT-BASED PDF
ca4b5656b7e193e6bb9064c672ac8dce.pdf		1		TEXT-BASED PDF
ca8155f4d27f205953f9d3d7974bdd70.pdf		1		TEXT-BASED PDF
cadc05a1cd428a9f7e66915eb109f4f9.pdf		2		SKIPPED (Not 1 page)
cb79f8fa58b91d3af6c9c991f63962d3.pdf		1		SCANNED PDF
cb7c403aa312160380010ee3dd4bfc53.pdf		1		TEXT-BASED PDF
cb9c528565c30d49b548831022bc9b32.pdf		1		TEXT-BASED PDF
cbd37fc75cd08ceff5c904ec09374997.pdf		1		TEXT-BASED PDF
cbd3de5cb26d714be8c306541e7f3509.pdf		2		SKIPPED (Not 1 page)
cc281a493d63c492153ba35b86dcc794.pdf		1		TEXT-BASED PDF
cc4af25fa9d2d5c953496579b75f6f6c.pdf		1		TEXT-BASED PDF
cc9109aa1f048c36d154d902612982e2.pdf		1		TEXT-BASED PDF
ccc0aa1b81bf81e16c676ddb977c5881.pdf		1		TEXT-BASED PDF
ccd44234c58cba8173f8ae706a0fce24.pdf		15		SKIPPED (Not 1 page)
ccf4769973f7658ac976a063527c4292.pdf		1		TEXT-BASED PDF
cd0dce8fca267bf1fb86cf43e18d5598.pdf		1		TEXT-BASED PDF
cda72177eba360ff16b7f836e2754370.pdf		1		TEXT-BASED PDF
ce65f40e3a20ad19fe352c52ce3bcf51.pdf		15		SKIPPED (Not 1 page)
ce840aa9583592e71f3db26ee6e41703.pdf		3		SKIPPED (Not 1 page)
ce89f6b11bdc5b365085a84036e9365b.pdf		1		TEXT-BASED PDF
cea0c0b601708bb928f7633a41db56d5.pdf		1		TEXT-BASED PDF
cee631121c2ec9232f3a2f028ad5c89b.pdf		1		TEXT-BASED PDF
cf011ff8d8380280133bce806e0f7bb1.pdf		1		TEXT-BASED PDF
cf5ff72ca35f112b361de3e312c088f4.pdf		23		SKIPPED (Not 1 page)
cf79ae6addba60ad018347359bd144d2.pdf		1		TEXT-BASED PDF
cfa83ab5876fb5b464805d6e554dd0d4.pdf		2		SKIPPED (Not 1 page)
cfabd33d7dd5a2843aa772b8b1cee186.pdf		1		TEXT-BASED PDF
d01c25576ff1c53de58e0e6970a2d510.pdf		1		TEXT-BASED PDF
d042be1b4b72c110d21287b3dad13867.pdf		2		SKIPPED (Not 1 page)
d04e5fdcd17f0616f965099351d2f2a1.pdf		1		TEXT-BASED PDF
d0622bf20c3152d6c0d4335f537707ca.pdf		3		SKIPPED (Not 1 page)
d0b4e54ddd9f0982db522becb8041071.pdf		1		SCANNED PDF
d0b9a6a56ca7fd6ebad617bcda8365a6.pdf		4		SKIPPED (Not 1 page)
d0f3cac4d12fa2668b1ffbc4e3254253.pdf		1		TEXT-BASED PDF
d106161033da24ceb07a0103fd837433.pdf		1		TEXT-BASED PDF
d14c2267d848abeb81fd590f371d39bd.pdf		1		TEXT-BASED PDF
d16509f6eaca1022bd8f28d6bc582cae.pdf		1		TEXT-BASED PDF
d17e6bcbcef8de3f7a00195cfa5706f1.pdf		1		TEXT-BASED PDF
d1a69640d53a32a9fb13e93d1c8f3104.pdf		2		SKIPPED (Not 1 page)
d1c0956fb99f55d86496c562a2a71b17.pdf		1		TEXT-BASED PDF
d202ed5bcfa858c15a9f383c3e386ab2.pdf		1		SCANNED PDF
d203bbe1b9e242a034b376bafda15a99.pdf		1		TEXT-BASED PDF
d2319feb7864f7123a48f0ce98e09936.pdf		2		SKIPPED (Not 1 page)
d242f1a255d1bbb7e3a31d8b1f2fc901.pdf		1		TEXT-BASED PDF
d28d296b68b6ac1232353531256488b3.pdf		1		TEXT-BASED PDF
d2ed45a52bc0edfa11c2064e9edee8bf.pdf		1		TEXT-BASED PDF
d305281faf947ca7acade9ad5c8c818c.pdf		1		TEXT-BASED PDF
d3779a48ccf8e469f915ffdbc55f6e2e.pdf		1		TEXT-BASED PDF
d3989fd6bcf000eeba6633fa4c003b6b.pdf		1		SCANNED PDF
d3a03b46250a3b28b490109cef354b3f.pdf		1		TEXT-BASED PDF
d3db718a011f94f39dd49b576d785b08.pdf		1		TEXT-BASED PDF
d41b5422b44a34d123006225fd1d3484.pdf		1		TEXT-BASED PDF
d469547325a320e660ba7f4bf05c7ecf.pdf		1		TEXT-BASED PDF
d490d7b4576290fa60eb31b5fc917ad1.pdf		1		TEXT-BASED PDF
d4b2aeb2453bdadaa45cbe9882ffefcf.pdf		1		TEXT-BASED PDF
d4f457bca5d92483c063b48d7a33b36b.pdf		1		TEXT-BASED PDF
d563cb0699fbe7bc92d64815915918cd.pdf		1		TEXT-BASED PDF
d58072be2820e8682c0a27c0518e805e.pdf		2		SKIPPED (Not 1 page)
d5b2bbd3e57d6c19003667a447475589.pdf		1		TEXT-BASED PDF
d6128a5c44f82653361a48a60cbc47c2.pdf		1		TEXT-BASED PDF
d629eddc95ad3b072b33e5363def437f.pdf		1		TEXT-BASED PDF
d6428eecbe0f7dff83fc607c5044b2b9.pdf		1		TEXT-BASED PDF
d6723e7cd6735df68d1ce4c704c29a04.pdf		1		TEXT-BASED PDF
d6baf65e0b240ce177cf70da146c8dc8.pdf		1		TEXT-BASED PDF
d6d0f445ef4338aba648d1a13936743c.pdf		1		TEXT-BASED PDF
d6d231705f96d5a35aeb3a76402e49a3.pdf		1		TEXT-BASED PDF
d6d46a8525c3ddc4c970734e4146e9be.pdf		1		TEXT-BASED PDF
d6da0257d11fb247f4a607bae48f69d1.pdf		1		TEXT-BASED PDF
d7452285b4a99b53e9bfb896bedc3db5.pdf		1		TEXT-BASED PDF
d757719ed7c2b66dd17dcee2a3cb29f4.pdf		1		TEXT-BASED PDF
d7657583058394c828ee150fada65345.pdf		1		TEXT-BASED PDF
d77314b5c23c087d9b5ed587e88800d2.pdf		4		SKIPPED (Not 1 page)
d77c703536718b95308130ff2e5cf9ee.pdf		1		TEXT-BASED PDF
d79c6256b9bdac53a55801a066b70da3.pdf		2		SKIPPED (Not 1 page)
d7a728a67d909e714c0774e22cb806f2.pdf		1		TEXT-BASED PDF
d7ead5493404dfc648694a5793608bdf.pdf		1		TEXT-BASED PDF
d7f71f28449665f9eefc114e5e7d3e7b.pdf		1		TEXT-BASED PDF
d7fd118e6f226a71b5f1ffe10efd0a78.pdf		2		SKIPPED (Not 1 page)
d800149d2f947ad4d64f34668f8b20f6.pdf		1		TEXT-BASED PDF
d80f1f9d6b7d30df67ed49f1deee94d9.pdf		2		SKIPPED (Not 1 page)
d81f9c1be2e08964bf9f24b15f0e4900.pdf		1		TEXT-BASED PDF
d828725179d622a56f951e527a966ed7.pdf		1		TEXT-BASED PDF
d85b63ef0ccb114d0a3bb7b7d808028f.pdf		1		TEXT-BASED PDF
d860bd12ce9c026814bbdfc1c573f0f5.pdf		1		TEXT-BASED PDF
d863d5ec458b0dc3b46cba96d9d49ac3.pdf		1		TEXT-BASED PDF
d86ea612dec96096c5e0fcc8dd42ab6d.pdf		2		SKIPPED (Not 1 page)
d87aa42cd08ba8612664a73dbdb64221.pdf		1		TEXT-BASED PDF
d8c33083ef391fb58934b7745d71e8ad.pdf		1		TEXT-BASED PDF
d8fa522f781a96a3999321da05dfde8c.pdf		1		TEXT-BASED PDF
d974ad2631a2a6977d640ba9d4c98bdd.pdf		2		SKIPPED (Not 1 page)
d9a849054248cb8a75faa6faadb62507.pdf		1		TEXT-BASED PDF
da11e8cd1811acb79ccf0fd62cd58f86.pdf		1		TEXT-BASED PDF
da422e857721f964a2550ba7b98f29a6.pdf		1		TEXT-BASED PDF
da56910e9cfdd3202aca15bcd589f301.pdf		2		SKIPPED (Not 1 page)
da5da79fc8144f79ca907a04066edcd2.pdf		1		TEXT-BASED PDF
da5dc4875e3401ea2bd35ee8f56277a6.pdf		1		TEXT-BASED PDF
da8a2ad589abfa0892e6284b879d7b7d.pdf		1		SCANNED PDF
da8ce53cf0240070ce6c69c48cd588ee.pdf		2		SKIPPED (Not 1 page)
dabd8d2ce74e782c65a973ef76fd540b.pdf		1		TEXT-BASED PDF
daca41214b39c5dc66674d09081940f0.pdf		1		TEXT-BASED PDF
db2b4182156b2f1f817860ac9f409ad7.pdf		1		TEXT-BASED PDF
db53e24fbc4e5a62aaa6e92f6bd1167f.pdf		2		SKIPPED (Not 1 page)
db576a7d2453575f29eab4bac787b919.pdf		1		SCANNED PDF
db5bdc8ad46ab6087d9cdfd8a8662ddf.pdf		2		SKIPPED (Not 1 page)
dbdc69ea6ccbdea0ca2d796e1af24ebf.pdf		1		TEXT-BASED PDF
dc35d16f1f21e67c18ea9f1f9c16775a.pdf		5		SKIPPED (Not 1 page)
dc4a4d9c5ac61e879d942ede9493c98f.pdf		2		SKIPPED (Not 1 page)
dc912a253d1e9ba40e2c597ed2376640.pdf		1		TEXT-BASED PDF
dcc5c249e15c211f21e1da0f3ba66169.pdf		1		TEXT-BASED PDF
dcf6070a4ab7f3afbfd2809173e0824b.pdf		1		TEXT-BASED PDF
dd1970fb03877a235d530476eb727dab.pdf		1		TEXT-BASED PDF
dd2bdf6cb881176bc2c0c568e1a180fa.pdf		1		TEXT-BASED PDF
dd33a21f7b5d1e39ae66b67be7a6d253.pdf		1		TEXT-BASED PDF
dd458505749b2941217ddd59394240e8.pdf		1		TEXT-BASED PDF
dd4729902a3476b2bc9675e3530a852c.pdf		1		TEXT-BASED PDF
ddb4955263e6c08179393d1beaf18602.pdf		1		TEXT-BASED PDF
ddd9dda6bfaf0bb1525a8a27c3ee6131.pdf		1		TEXT-BASED PDF
de073d2cffa991f936d6a7aa7bca3425.pdf		1		TEXT-BASED PDF
de312ddeff82ecc47ed90967ed3cbc91.pdf		1		TEXT-BASED PDF
de8aa43e5d5fa8536cf23e54244476fa.pdf		2		SKIPPED (Not 1 page)
dea9ddb25cbf2352cf4dec30222a02a5.pdf		1		TEXT-BASED PDF
df7e148cabfd9b608090fa5ee3348bfe.pdf		2		SKIPPED (Not 1 page)
dfe0c74a3f265edd7b90e43990e70b00.pdf		1		SCANNED PDF
e00406144c1e7e35240afed70f34166a.pdf		2		SKIPPED (Not 1 page)
e0154ac829acb5cb5735e1d1e7f48c68.pdf		1		TEXT-BASED PDF
e07413354875be01a996dc560274708e.pdf		2		SKIPPED (Not 1 page)
e077e1a544eec4f0307cf5c3c721d944.pdf		6		SKIPPED (Not 1 page)
e0c641195b27425bb056ac56f8953d24.pdf		1		TEXT-BASED PDF
e0dc61eceffa1a7dff9d396b4b7c5011.pdf		1		TEXT-BASED PDF
e0e6518d2cac6a5b1fa6b05498a5e7be.pdf		1		TEXT-BASED PDF
e105b88b3e1ac23ec811a708cd7edebf.pdf		1		SCANNED PDF
e139c454239bfde741e893edb46a06cc.pdf		1		TEXT-BASED PDF
e185111ced5be9d23745229b5fff2f16.pdf		2		SKIPPED (Not 1 page)
e1c2e55cc575a2ccb30e7bbafc011b03.pdf		2		SKIPPED (Not 1 page)
e1f581b9f9af4ca9be996aa40da6759e.pdf		2		SKIPPED (Not 1 page)
e21cece511f43a5cb18d4932429915ed.pdf		1		TEXT-BASED PDF
e2c4c0b38669387a2a842e1fe391d233.pdf		1		TEXT-BASED PDF
e2db7186375992e729165726762cb4c1.pdf		1		TEXT-BASED PDF
e2e1cbe72ab1192e395c35295763982a.pdf		8		SKIPPED (Not 1 page)
e3050c2fe9297974cbf4328fa4f98d42.pdf		1		TEXT-BASED PDF
e3251075554389fe91d17a794861d47b.pdf		1		TEXT-BASED PDF
e33b5ba509e687654cd19c642ac2dc09.pdf		1		TEXT-BASED PDF
e345fac6bc5c868f0222430c733fa26e.pdf		1		TEXT-BASED PDF
e3670ce0c315396e4836d7024abcf3dd.pdf		1		TEXT-BASED PDF
e3d3df46b70f76b21404bf38e34f3802.pdf		2		SKIPPED (Not 1 page)
e417baa9cdf34202f71b55a27da899e8.pdf		3		SKIPPED (Not 1 page)
e430ad64df3de73e6be33bcb7f6d0dac.pdf		1		TEXT-BASED PDF
e43739bba7cdb577e9e3e4e42447f5a5.pdf		1		TEXT-BASED PDF
e43a09ffc30b44cb1f0db46f87836f40.pdf		20		SKIPPED (Not 1 page)
e44491d231b7c45260ec02d2f9f8827b.pdf		1		TEXT-BASED PDF
e45c2dc8d9e5b215ea141f2f609100f9.pdf		1		TEXT-BASED PDF
e4c072e019448100c4f7c2059729f050.pdf		8		SKIPPED (Not 1 page)
e4da3b7fbbce2345d7772b0674a318d5.pdf		5		SKIPPED (Not 1 page)
e523eebf638ca962ed5639f247e5bcbf.pdf		3		SKIPPED (Not 1 page)
e56eea9a45b153de634b23780365f976.pdf		7		SKIPPED (Not 1 page)
e5732492e9d1ef72fee339a293b2f9e8.pdf		1		TEXT-BASED PDF
e5784ac77ea342ed561f03cf2d2482a8.pdf		2		SKIPPED (Not 1 page)
e57c6b956a6521b28495f2886ca0977a.pdf		1		TEXT-BASED PDF
e5a5d1fa6871e3e01b1cb0d41dc5ffce.pdf		1		TEXT-BASED PDF
e5e2de7f3ef2043b664c121bd22f853c.pdf		1		SCANNED PDF
e5e6851e7f7ffd3530e7389e183aa468.pdf		2		SKIPPED (Not 1 page)
e6051b3bfe716cc4a38c2f39ec199873.pdf		1		TEXT-BASED PDF
e64c9ec33f19c7de745bd6b6d1a7a86e.pdf		1		TEXT-BASED PDF
e654e714cf5c2214d7f9a62a87776b6f.pdf		7		SKIPPED (Not 1 page)
e685b42794dde47c8d8304eb462cc3ae.pdf		1		TEXT-BASED PDF
e6a88d08e6f74bd95b169002762b1841.pdf		1		TEXT-BASED PDF
e6b4b2a746ed40e1af829d1fa82daa10.pdf		2		SKIPPED (Not 1 page)
e6b69a6732af1fbd1e8d4c63165205e9.pdf		2		SKIPPED (Not 1 page)
e6c19a87ef9e816e02ce247d4f41d38a.pdf		1		TEXT-BASED PDF
e6da32eef072f987685b6eddca072d4f.pdf		3		SKIPPED (Not 1 page)
e6fb52c108655e3dbb47bfeccce12131.pdf		1		TEXT-BASED PDF
e702e51da2c0f5be4dd354bb3e295d37.pdf		1		TEXT-BASED PDF
e743a091199384909e62fdb62d701810.pdf		1		TEXT-BASED PDF
e744f91c29ec99f0e662c9177946c627.pdf		1		TEXT-BASED PDF
e7db14e12fb49c1d78a573e6e5f542c2.pdf		1		TEXT-BASED PDF
e816c635cad85a60fabd6b97b03cbcc9.pdf		1		TEXT-BASED PDF
e820a45f1dfc7b95282d10b6087e11c0.pdf		1		TEXT-BASED PDF
e9352a44851329428546289d02ba92b6.pdf		1		TEXT-BASED PDF
e95a45d0b1f5afdf0ab9cde82b4b1d06.pdf		1		SCANNED PDF
e96c7de8f6390b1e6c71556e4e0a4959.pdf		1		TEXT-BASED PDF
e995f98d56967d946471af29d7bf99f1.pdf		1		TEXT-BASED PDF
ea20aed6df7caa746052d227d194a395.pdf		2		SKIPPED (Not 1 page)
ea2e44965e2fc72273d0a41e9bc79805.pdf		1		TEXT-BASED PDF
eab4d8e270ac1c39d4480c835ab0b4de.pdf		2		SKIPPED (Not 1 page)
eaf90ea9a5c3866af372589e011d4242.pdf		1		TEXT-BASED PDF
eb1e78328c46506b46a4ac4a1e378b91.pdf		1		TEXT-BASED PDF
eb5053f7d2403c84a849b040014903ac.pdf		1		SCANNED PDF
ebc82ddcaa790d66bba665311ead3045.pdf		1		TEXT-BASED PDF
ebd64e2bf193fc8c658af2b91952ce8d.pdf		2		SKIPPED (Not 1 page)
ebf59110c0306610e192bd156d58c4e3.pdf		1		TEXT-BASED PDF
ebf99bb5df6533b6dd9180a59034698d.pdf		1		TEXT-BASED PDF
ec4de54f2f3afa14175e5eabfc16ce1f.pdf		1		TEXT-BASED PDF
ec6826e925952de7a90be595700f4189.pdf		1		TEXT-BASED PDF
ec79d4bed810ed64267d169b0d37373e.pdf		1		TEXT-BASED PDF
ecf906a99fb0d66f7aea10c5504b88cb.pdf		1		TEXT-BASED PDF
ed2357bbbd318d584d579d024d9fd808.pdf		1		TEXT-BASED PDF
ed45e77e699645c84f3f27b7b5ad1e2d.pdf		1		TEXT-BASED PDF
edeb62f97ac41e4eeddaea9bc6a93f33.pdf		2		SKIPPED (Not 1 page)
edf7f2f34f6b96fae76c68bc2268c128.pdf		1		SCANNED PDF
edfc6705ce43fac4bdba09653b2ca9b2.pdf		2		SKIPPED (Not 1 page)
ee0d6c58f0f8345eefda7e85c449b783.pdf		1		TEXT-BASED PDF
ee492a6c8f567fb3100b7dc9d3600cbe.pdf		2		SKIPPED (Not 1 page)
eedc6ed006e6f49a7010013cc1fd8a3f.pdf		1		TEXT-BASED PDF
eef83da5f4bf1168b71baec76e8d17cb.pdf		1		TEXT-BASED PDF
ef0d3930a7b6c95bd2b32ed45989c61f.pdf		1		TEXT-BASED PDF
ef2f8301bf2c3404552f1c3df84df9ec.pdf		1		SCANNED PDF
ef575e8837d065a1683c022d2077d342.pdf		1		TEXT-BASED PDF
ef8051ce270059a142fcb0b3e47b1cd4.pdf		1		TEXT-BASED PDF
ef8f157ca5b0983df9112aaca855ec2b.pdf		1		TEXT-BASED PDF
efc52ad8c8b25e39ff87d69407971378.pdf		1		TEXT-BASED PDF
efe34c4e2190e97d1adc625902822b13.pdf		2		SKIPPED (Not 1 page)
f00e1df0c9e961695bd1c1d9816d0c04.pdf		1		TEXT-BASED PDF
f0282b5ff85e7c9c66200d780bd7e72e.pdf		1		TEXT-BASED PDF
f02b3153b7cd94c63d06aca54cb1e6e6.pdf		1		TEXT-BASED PDF
f03704cb51f02f80b09bffba15751691.pdf		2		SKIPPED (Not 1 page)
f06d497659096949ed7c01894ba38694.pdf		1		TEXT-BASED PDF
f0ba46d49fb8aaa73c357600ce574db8.pdf		2		SKIPPED (Not 1 page)
f0bbf5fb2b067fda7b491dc2307411e4.pdf		1		TEXT-BASED PDF
f0cf02f00e9e36bff626386a006be59a.pdf		1		TEXT-BASED PDF
f0f07e680de407b0f12abf15bd520097.pdf		1		TEXT-BASED PDF
f10f2da9a238b746d2bac55759915f0d.pdf		1		TEXT-BASED PDF
f12a6a7477077af66212ef0813bcf332.pdf		1		TEXT-BASED PDF
f182c4c2e7b4bd91debd2d0d636becac.pdf		1		TEXT-BASED PDF
f1b77376e6da9ea8126410f9331886e8.pdf		1		TEXT-BASED PDF
f1f485b532be392dd7964f94dbd0562a.pdf		1		TEXT-BASED PDF
f2671992766736eaee5018a1de716c86.pdf		1		TEXT-BASED PDF
f26990c534c3b5a550f83fceb0efce05.pdf		1		TEXT-BASED PDF
f26dab9bf6a137c3b6782e562794c2f2.pdf		1		TEXT-BASED PDF
f277335b0fda4885798095b94a3d0bc8.pdf		1		TEXT-BASED PDF
f2d34fcd37e85f9867708bf71782cda6.pdf		1		TEXT-BASED PDF
f2ee555e877c9bd7239e2a2d4e5c4f25.pdf		3		SKIPPED (Not 1 page)
f2fc990265c712c49d51a18a32b39f0c.pdf		1		TEXT-BASED PDF
f3067d687ee39c3cbfa75573457e479d.pdf		1		TEXT-BASED PDF
f30daccec8daeda7e4adba492c474276.pdf		2		SKIPPED (Not 1 page)
f334fd0f4700b83c04b5ffb104bdbcd0.pdf		1		TEXT-BASED PDF
f357918b9afbbe4c29136d76033fc2ea.pdf		2		SKIPPED (Not 1 page)
f387624df552cea2f369918c5e1e12bc.pdf		1		TEXT-BASED PDF
f42fff7bf91c9292a6a6dd4ee86eee6c.pdf		1		TEXT-BASED PDF
f45a1078feb35de77d26b3f7a52ef502.pdf		1		TEXT-BASED PDF
f45ab3a13b96528881ffe7a63b547e79.pdf		1		TEXT-BASED PDF
f474573a89a8f1da580cbfd9b0fecd33.pdf		1		TEXT-BASED PDF
f4be00279ee2e0a53eafdaa94a151e2c.pdf		1		TEXT-BASED PDF
f4f6dce2f3a0f9dada0c2b5b66452017.pdf		2		SKIPPED (Not 1 page)
f50a6c02a3fc5a3a5d4d9391f05f3efc.pdf		1		TEXT-BASED PDF
f51338d736f95dd42427296047067694.pdf		1		TEXT-BASED PDF
f52db9f7c0ae7017ee41f63c2a7353bc.pdf		1		TEXT-BASED PDF
f559cf7514371d4acdaa13b23279b874.pdf		1		TEXT-BASED PDF
f56de5ef149cf0aedcc8f4797031e229.pdf		1		TEXT-BASED PDF
f591ed4b09492933c2de77c78c9d9a66.pdf		1		TEXT-BASED PDF
f5c135d79452867c4316ae8010004ee5.pdf		5		SKIPPED (Not 1 page)
f5dd07d944fdcaba5af8b6828ed55f69.pdf		7		SKIPPED (Not 1 page)
f5deaeeae1538fb6c45901d524ee2f98.pdf		2		SKIPPED (Not 1 page)
f5f8590cd58a54e94377e6ae2eded4d9.pdf		1		TEXT-BASED PDF
f61d6947467ccd3aa5af24db320235dd.pdf		1		TEXT-BASED PDF
f665651bcc641391820b462874c05e16.pdf		1		TEXT-BASED PDF
f6950025e8c79788ef9fb271f8ba8ac5.pdf		1		TEXT-BASED PDF
f6e25176c96f7d7c8c7d74ff8babee5d.pdf		1		TEXT-BASED PDF
f76a89f0cb91bc419542ce9fa43902dc.pdf		1		TEXT-BASED PDF
f7c4382ef2abd84bbe5297f34f5e3ae4.pdf		1		SCANNED PDF
f7e6c85504ce6e82442c770f7c8606f0.pdf		2		SKIPPED (Not 1 page)
f7f07e7dab09533bc71247a5b29a7373.pdf		1		SCANNED PDF
f7f84297f903c4ae67e9b17ebb49c5a3.pdf		1		SCANNED PDF
f80ebff16ccaa9b48a0224d7c489cef4.pdf		1		TEXT-BASED PDF
f869d4accedf2bf6b9469a3be9f1d715.pdf		3		SKIPPED (Not 1 page)
f8b18593cdbb1ce289330560a44e33aa.pdf		1		TEXT-BASED PDF
f8bf09f5fceaea80e1f864a1b48938bf.pdf		1		TEXT-BASED PDF
f8e59f4b2fe7c5705bf878bbd494ccdf.pdf		1		TEXT-BASED PDF
f8e918489f1e0a81ff11312f4d0630c1.pdf		1		TEXT-BASED PDF
f9028faec74be6ec9b852b0a542e2f39.pdf		1		TEXT-BASED PDF
f90bebdc692f68ebf8f1dee68a01a8e0.pdf		1		TEXT-BASED PDF
f96f9be4a7f4fa8ad6803378e0529ebc.pdf		1		TEXT-BASED PDF
f9c8cde98a8d6dfda2273e26fedaeda8.pdf		3		SKIPPED (Not 1 page)
f9d1152547c0bde01830b7e8bd60024c.pdf		39		SKIPPED (Not 1 page)
fa2431bf9d65058fe34e9713e32d60e6.pdf		1		SCANNED PDF
fa6d3cc166fbfbf005c9e77d96cba283.pdf		3		SKIPPED (Not 1 page)
fa733611ef13bd333ebfbab7eed14b63.pdf		1		TEXT-BASED PDF
fa7410de86471342fc198f32104ccb31.pdf		2		SKIPPED (Not 1 page)
fa7cdfad1a5aaf8370ebeda47a1ff1c3.pdf		1		TEXT-BASED PDF
fac7fead96dafceaf80c1daffeae82a4.pdf		1		TEXT-BASED PDF
fb26ceb5a996b8a4736c4e9ad00f7362.pdf		1		TEXT-BASED PDF
fb51aea2099d8fbdfe50a5cd69ff8e50.pdf		1		TEXT-BASED PDF
fb5d9e209ebda9ab6556a31639190622.pdf		1		TEXT-BASED PDF
fb6a253729096c1e92e43c26a6fdadc3.pdf		13		SKIPPED (Not 1 page)
fb89705ae6d743bf1e848c206e16a1d7.pdf		2		SKIPPED (Not 1 page)
fbdd952178a0387b896822edb02dd34e.pdf		3		SKIPPED (Not 1 page)
fc133194812b3983d793d362c4fe97e7.pdf		1		TEXT-BASED PDF
fc49306d97602c8ed1be1dfbf0835ead.pdf		2		SKIPPED (Not 1 page)
fc4ddc15f9f4b4b06ef7844d6bb53abf.pdf		1		SCANNED PDF
fc7079c59bf3610c28028522c22f6ef8.pdf		1		TEXT-BASED PDF
fc79f85644e61b73336061894220e641.pdf		1		TEXT-BASED PDF
fc8956a9c5bb091ed488e75e3df5ae4f.pdf		1		TEXT-BASED PDF
fc9e5c39356354a60d33ca59499913ca.pdf		2		SKIPPED (Not 1 page)
fcbfab2f4cda26061ed9e3ee96a4fd61.pdf		1		TEXT-BASED PDF
fccb3cdc9acc14a6e70a12f74560c026.pdf		1		TEXT-BASED PDF
fd1095d744e5a2ba86ca7a9870aa6730.pdf		1		TEXT-BASED PDF
fd40463bdad3ce3d82883121161c416e.pdf		1		TEXT-BASED PDF
fd8979ada2fd5bab05e9c5f035a5c4c7.pdf		1		TEXT-BASED PDF
fd9042c9b077fe393b18ae78feb58279.pdf		1		SCANNED PDF
fda6baab618b39821b678bd52ff26428.pdf		1		TEXT-BASED PDF
fdb2c3bab9d0701c4a050a4d8d782c7f.pdf		1		TEXT-BASED PDF
fde9264cf376fffe2ee4ddf4a988880d.pdf		1		TEXT-BASED PDF
fdfb747f3811c255ad0e32fce91d72df.pdf		1		TEXT-BASED PDF
fe27f92b1e3f4997567807f38d567a35.pdf		1		TEXT-BASED PDF
fe709c654eac84d5239d1a12a4f71877.pdf		1		SCANNED PDF
fe7ee8fc1959cc7214fa21c4840dff0a.pdf		1		TEXT-BASED PDF
fe87435d12ef7642af67d9bc82a8b3cd.pdf		2		SKIPPED (Not 1 page)
fea33a31df7d05a276193d32621ecbe4.pdf		1		TEXT-BASED PDF
fea427597536f3e21482196d31927037.pdf		1		TEXT-BASED PDF
feb93033a7ab04ea442b08103ec019a4.pdf		2		SKIPPED (Not 1 page)
fedc604da8b0f9af74b6cfc0fab2163c.pdf		1		TEXT-BASED PDF
feeef9bd04fac1765263893621bb4811.pdf		1		TEXT-BASED PDF
ff2d0926d6b07ff0179183a9d687989e.pdf		3		SKIPPED (Not 1 page)
ff2d5fc3ab1932df3c00308bead36006.pdf		1		TEXT-BASED PDF
ff356077cd5c5aed76a08459f3b6416d.pdf		1		TEXT-BASED PDF
ffa8c1fb530dc6d00fd481666ec3310e.pdf		2		SKIPPED (Not 1 page)
fffb8ef15de06d87e6ba6c830f3b6284.pdf		1		TEXT-BASED PDF
